Component: ARM Compiler 5.06 update 7 (build 960) Tool: armlink [4d3601]

==============================================================================

Section Cross References

    startup_stm32f103xb.o(RESET) refers to startup_stm32f103xb.o(STACK) for __initial_sp
    startup_stm32f103xb.o(RESET) refers to startup_stm32f103xb.o(.text) for Reset_Handler
    startup_stm32f103xb.o(RESET) refers to stm32f1xx_it.o(i.NMI_Handler) for NMI_Handler
    startup_stm32f103xb.o(RESET) refers to stm32f1xx_it.o(i.HardFault_Handler) for HardFault_Handler
    startup_stm32f103xb.o(RESET) refers to stm32f1xx_it.o(i.MemManage_Handler) for MemManage_Handler
    startup_stm32f103xb.o(RESET) refers to stm32f1xx_it.o(i.BusFault_Handler) for BusFault_Handler
    startup_stm32f103xb.o(RESET) refers to stm32f1xx_it.o(i.UsageFault_Handler) for UsageFault_Handler
    startup_stm32f103xb.o(RESET) refers to stm32f1xx_it.o(i.SVC_Handler) for SVC_Handler
    startup_stm32f103xb.o(RESET) refers to stm32f1xx_it.o(i.DebugMon_Handler) for DebugMon_Handler
    startup_stm32f103xb.o(RESET) refers to stm32f1xx_it.o(i.PendSV_Handler) for PendSV_Handler
    startup_stm32f103xb.o(RESET) refers to stm32f1xx_it.o(i.SysTick_Handler) for SysTick_Handler
    startup_stm32f103xb.o(RESET) refers to stm32f1xx_it.o(i.DMA1_Channel4_IRQHandler) for DMA1_Channel4_IRQHandler
    startup_stm32f103xb.o(RESET) refers to stm32f1xx_it.o(i.DMA1_Channel5_IRQHandler) for DMA1_Channel5_IRQHandler
    startup_stm32f103xb.o(RESET) refers to stm32f1xx_it.o(i.USART1_IRQHandler) for USART1_IRQHandler
    startup_stm32f103xb.o(.text) refers to system_stm32f1xx.o(i.SystemInit) for SystemInit
    startup_stm32f103xb.o(.text) refers to entry.o(.ARM.Collect$$$$00000000) for __main
    main.o(i.HAL_UARTEx_RxEventCallback) refers to strstr.o(.text) for strstr
    main.o(i.HAL_UARTEx_RxEventCallback) refers to strchr.o(.text) for strchr
    main.o(i.HAL_UARTEx_RxEventCallback) refers to setdate.o(i.parse_ntp_time) for parse_ntp_time
    main.o(i.HAL_UARTEx_RxEventCallback) refers to setdate.o(i.set_rtc_time) for set_rtc_time
    main.o(i.HAL_UARTEx_RxEventCallback) refers to stm32f1xx_hal_uart.o(i.HAL_UARTEx_ReceiveToIdle_DMA) for HAL_UARTEx_ReceiveToIdle_DMA
    main.o(i.HAL_UARTEx_RxEventCallback) refers to main.o(.bss) for .bss
    main.o(i.HAL_UARTEx_RxEventCallback) refers to main.o(.data) for .data
    main.o(i.HAL_UARTEx_RxEventCallback) refers to rtc.o(.bss) for hrtc
    main.o(i.HAL_UARTEx_RxEventCallback) refers to usart.o(.bss) for huart1
    main.o(i.SystemClock_Config) refers to memseta.o(.text) for __aeabi_memclr4
    main.o(i.SystemClock_Config) refers to stm32f1xx_hal_rcc.o(i.HAL_RCC_OscConfig) for HAL_RCC_OscConfig
    main.o(i.SystemClock_Config) refers to stm32f1xx_hal_rcc.o(i.HAL_RCC_ClockConfig) for HAL_RCC_ClockConfig
    main.o(i.SystemClock_Config) refers to stm32f1xx_hal_rcc_ex.o(i.HAL_RCCEx_PeriphCLKConfig) for HAL_RCCEx_PeriphCLKConfig
    main.o(i.find_param) refers to strstr.o(.text) for strstr
    main.o(i.find_param) refers to strlen.o(.text) for strlen
    main.o(i.main) refers to stm32f1xx_hal.o(i.HAL_Init) for HAL_Init
    main.o(i.main) refers to main.o(i.SystemClock_Config) for SystemClock_Config
    main.o(i.main) refers to gpio.o(i.MX_GPIO_Init) for MX_GPIO_Init
    main.o(i.main) refers to dma.o(i.MX_DMA_Init) for MX_DMA_Init
    main.o(i.main) refers to i2c.o(i.MX_I2C1_Init) for MX_I2C1_Init
    main.o(i.main) refers to i2c.o(i.MX_I2C2_Init) for MX_I2C2_Init
    main.o(i.main) refers to tim.o(i.MX_TIM1_Init) for MX_TIM1_Init
    main.o(i.main) refers to tim.o(i.MX_TIM3_Init) for MX_TIM3_Init
    main.o(i.main) refers to usart.o(i.MX_USART1_UART_Init) for MX_USART1_UART_Init
    main.o(i.main) refers to usart.o(i.MX_USART2_UART_Init) for MX_USART2_UART_Init
    main.o(i.main) refers to rtc.o(i.MX_RTC_Init) for MX_RTC_Init
    main.o(i.main) refers to bh1750.o(i.SET_L_mode) for SET_L_mode
    main.o(i.main) refers to stm32f1xx_hal.o(i.HAL_Delay) for HAL_Delay
    main.o(i.main) refers to pwm-dj.o(i.DJ_init) for DJ_init
    main.o(i.main) refers to pwm_duoji.o(i.duoji_init) for duoji_init
    main.o(i.main) refers to oled.o(i.OLED_Init) for OLED_Init
    main.o(i.main) refers to sht30.o(i.SendHandCommand) for SendHandCommand
    main.o(i.main) refers to oled.o(i.OLED_ShowStr) for OLED_ShowStr
    main.o(i.main) refers to oled.o(i.OLED_RefreshRAM) for OLED_RefreshRAM
    main.o(i.main) refers to stm32f1xx_hal_uart.o(i.HAL_UARTEx_ReceiveToIdle_DMA) for HAL_UARTEx_ReceiveToIdle_DMA
    main.o(i.main) refers to bsp_aliyun.o(i.ESP8266_Init) for ESP8266_Init
    main.o(i.main) refers to bsp_aliyun.o(i.Aliyun_Connect) for Aliyun_Connect
    main.o(i.main) refers to oled.o(i.OLED_CLS) for OLED_CLS
    main.o(i.main) refers to oled.o(i.OLED_ClearRAM) for OLED_ClearRAM
    main.o(i.main) refers to stm32f1xx_hal_gpio.o(i.HAL_GPIO_WritePin) for HAL_GPIO_WritePin
    main.o(i.main) refers to bh1750.o(i.lightSensorLux) for lightSensorLux
[...]
    i.BH1750_Read_Dat                        0x08001234   Section        0  bh1750.o(i.BH1750_Read_Dat)
    i.BH1750_Send_Cmd                        0x08001254   Section        0  bh1750.o(i.BH1750_Send_Cmd)
    i.BusFault_Handler                       0x08001270   Section        0  stm32f1xx_it.o(i.BusFault_Handler)
    i.ConnectAP                              0x08001274   Section        0  bsp_aliyun.o(i.ConnectAP)
    ConnectAP                                0x08001275   Thumb Code   148  bsp_aliyun.o(i.ConnectAP)
    i.DJ_init                                0x08001348   Section        0  pwm-dj.o(i.DJ_init)
    i.DJ_set                                 0x080013e4   Section        0  pwm-dj.o(i.DJ_set)
    i.DMA1_Channel4_IRQHandler               0x0800147c   Section        0  stm32f1xx_it.o(i.DMA1_Channel4_IRQHandler)
    i.DMA1_Channel5_IRQHandler               0x08001488   Section        0  stm32f1xx_it.o(i.DMA1_Channel5_IRQHandler)
    i.DMA_SetConfig                          0x08001494   Section        0  stm32f1xx_hal_dma.o(i.DMA_SetConfig)
    DMA_SetConfig                            0x08001495   Thumb Code    42  stm32f1xx_hal_dma.o(i.DMA_SetConfig)
    i.DebugMon_Handler                       0x080014be   Section        0  stm32f1xx_it.o(i.DebugMon_Handler)
    i.ESP8266_Init                           0x080014c0   Section        0  bsp_aliyun.o(i.ESP8266_Init)
    i.Error_Handler                          0x08001558   Section        0  main.o(i.Error_Handler)
    i.FindStr                                0x0800155c   Section        0  bsp_aliyun.o(i.FindStr)
    i.HAL_DMA_Abort                          0x08001588   Section        0  stm32f1xx_hal_dma.o(i.HAL_DMA_Abort)
    i.HAL_DMA_Abort_IT                       0x080015d0   Section        0  stm32f1xx_hal_dma.o(i.HAL_DMA_Abort_IT)
    i.HAL_DMA_IRQHandler                     0x08001668   Section        0  stm32f1xx_hal_dma.o(i.HAL_DMA_IRQHandler)
    i.HAL_DMA_Init                           0x080017bc   Section        0  stm32f1xx_hal_dma.o(i.HAL_DMA_Init)
    i.HAL_DMA_Start_IT                       0x08001818   Section        0  stm32f1xx_hal_dma.o(i.HAL_DMA_Start_IT)
    i.HAL_Delay                              0x08001888   Section        0  stm32f1xx_hal.o(i.HAL_Delay)
    i.HAL_GPIO_Init                          0x080018ac   Section        0  stm32f1xx_hal_gpio.o(i.HAL_GPIO_Init)
    i.HAL_GPIO_WritePin                      0x08001a8c   Section        0  stm32f1xx_hal_gpio.o(i.HAL_GPIO_WritePin)
    i.HAL_GetTick                            0x08001a98   Section        0  stm32f1xx_hal.o(i.HAL_GetTick)
    i.HAL_I2C_Init                           0x08001aa4   Section        0  stm32f1xx_hal_i2c.o(i.HAL_I2C_Init)
    i.HAL_I2C_Master_Receive                 0x08001c2c   Section        0  stm32f1xx_hal_i2c.o(i.HAL_I2C_Master_Receive)
    i.HAL_I2C_Master_Transmit                0x08001e7c   Section        0  stm32f1xx_hal_i2c.o(i.HAL_I2C_Master_Transmit)
    i.HAL_I2C_Mem_Write                      0x08001fa8   Section        0  stm32f1xx_hal_i2c.o(i.HAL_I2C_Mem_Write)
    i.HAL_I2C_MspInit                        0x080020d8   Section        0  i2c.o(i.HAL_I2C_MspInit)
    i.HAL_IncTick                            0x08002180   Section        0  stm32f1xx_hal.o(i.HAL_IncTick)
    i.HAL_Init                               0x08002190   Section        0  stm32f1xx_hal.o(i.HAL_Init)
    i.HAL_InitTick                           0x080021b4   Section        0  stm32f1xx_hal.o(i.HAL_InitTick)
    i.HAL_MspInit                            0x080021f4   Section        0  stm32f1xx_hal_msp.o(i.HAL_MspInit)
    i.HAL_NVIC_EnableIRQ                     0x08002230   Section        0  stm32f1xx_hal_cortex.o(i.HAL_NVIC_EnableIRQ)
    i.HAL_NVIC_SetPriority                   0x0800224c   Section        0  stm32f1xx_hal_cortex.o(i.HAL_NVIC_SetPriority)
    i.HAL_NVIC_SetPriorityGrouping           0x0800228c   Section        0  stm32f1xx_hal_cortex.o(i.HAL_NVIC_SetPriorityGrouping)
    i.HAL_PWR_EnableBkUpAccess               0x080022b0   Section        0  stm32f1xx_hal_pwr.o(i.HAL_PWR_EnableBkUpAccess)
    i.HAL_RCCEx_GetPeriphCLKFreq             0x080022bc   Section        0  stm32f1xx_hal_rcc_ex.o(i.HAL_RCCEx_GetPeriphCLKFreq)
    i.HAL_RCCEx_PeriphCLKConfig              0x08002360   Section        0  stm32f1xx_hal_rcc_ex.o(i.HAL_RCCEx_PeriphCLKConfig)
    i.HAL_RCC_ClockConfig                    0x0800244c   Section        0  stm32f1xx_hal_rcc.o(i.HAL_RCC_ClockConfig)
    i.HAL_RCC_GetPCLK1Freq                   0x08002578   Section        0  stm32f1xx_hal_rcc.o(i.HAL_RCC_GetPCLK1Freq)
    i.HAL_RCC_GetPCLK2Freq                   0x08002598   Section        0  stm32f1xx_hal_rcc.o(i.HAL_RCC_GetPCLK2Freq)
    i.HAL_RCC_GetSysClockFreq                0x080025b8   Section        0  stm32f1xx_hal_rcc.o(i.HAL_RCC_GetSysClockFreq)
    i.HAL_RCC_OscConfig                      0x08002604   Section        0  stm32f1xx_hal_rcc.o(i.HAL_RCC_OscConfig)
    i.HAL_RTC_GetDate                        0x08002924   Section        0  stm32f1xx_hal_rtc.o(i.HAL_RTC_GetDate)
    i.HAL_RTC_GetTime                        0x08002972   Section        0  stm32f1xx_hal_rtc.o(i.HAL_RTC_GetTime)
    i.HAL_RTC_Init                           0x08002a4c   Section        0  stm32f1xx_hal_rtc.o(i.HAL_RTC_Init)
    i.HAL_RTC_MspInit                        0x08002ae0   Section        0  rtc.o(i.HAL_RTC_MspInit)
    i.HAL_RTC_SetDate                        0x08002b14   Section        0  stm32f1xx_hal_rtc.o(i.HAL_RTC_SetDate)
    i.HAL_RTC_SetTime                        0x08002bd8   Section        0  stm32f1xx_hal_rtc.o(i.HAL_RTC_SetTime)
    i.HAL_RTC_WaitForSynchro                 0x08002c84   Section        0  stm32f1xx_hal_rtc.o(i.HAL_RTC_WaitForSynchro)
    i.HAL_SYSTICK_Config                     0x08002cbe   Section        0  stm32f1xx_hal_cortex.o(i.HAL_SYSTICK_Config)
    i.HAL_TIMEx_ConfigBreakDeadTime          0x08002ce6   Section        0  stm32f1xx_hal_tim_ex.o(i.HAL_TIMEx_ConfigBreakDeadTime)
    i.HAL_TIMEx_MasterConfigSynchronization  0x08002d3c   Section        0  stm32f1xx_hal_tim_ex.o(i.HAL_TIMEx_MasterConfigSynchronization)
    i.HAL_TIM_Base_Init                      0x08002da4   Section        0  stm32f1xx_hal_tim.o(i.HAL_TIM_Base_Init)
    i.HAL_TIM_Base_MspInit                   0x08002e00   Section        0  tim.o(i.HAL_TIM_Base_MspInit)
    i.HAL_TIM_ConfigClockSource              0x08002e40   Section        0  stm32f1xx_hal_tim.o(i.HAL_TIM_ConfigClockSource)
    i.HAL_TIM_MspPostInit                    0x08002f1c   Section        0  tim.o(i.HAL_TIM_MspPostInit)
    i.HAL_TIM_PWM_ConfigChannel              0x08002f88   Section        0  stm32f1xx_hal_tim.o(i.HAL_TIM_PWM_ConfigChannel)
    i.HAL_TIM_PWM_Init                       0x08003054   Section        0  stm32f1xx_hal_tim.o(i.HAL_TIM_PWM_Init)
    i.HAL_TIM_PWM_MspInit                    0x080030ae   Section        0  stm32f1xx_hal_tim.o(i.HAL_TIM_PWM_MspInit)
    i.HAL_TIM_PWM_Start                      0x080030b0   Section        0  stm32f1xx_hal_tim.o(i.HAL_TIM_PWM_Start)
    i.HAL_UARTEx_ReceiveToIdle_DMA           0x0800314c   Section        0  stm32f1xx_hal_uart.o(i.HAL_UARTEx_ReceiveToIdle_DMA)
    i.HAL_UARTEx_RxEventCallback             0x0800319c   Section        0  main.o(i.HAL_UARTEx_RxEventCallback)
    i.HAL_UART_ErrorCallback                 0x08003220   Section        0  stm32f1xx_hal_uart.o(i.HAL_UART_ErrorCallback)
    i.HAL_UART_IRQHandler                    0x08003224   Section        0  stm32f1xx_hal_uart.o(i.HAL_UART_IRQHandler)
    i.HAL_UART_Init                          0x08003490   Section        0  stm32f1xx_hal_uart.o(i.HAL_UART_Init)
    i.HAL_UART_MspInit                       0x080034f4   Section        0  usart.o(i.HAL_UART_MspInit)
    i.HAL_UART_Receive                       0x08003630   Section        0  stm32f1xx_hal_uart.o(i.HAL_UART_Receive)
    i.HAL_UART_RxCpltCallback                0x080036dc   Section        0  stm32f1xx_hal_uart.o(i.HAL_UART_RxCpltCallback)
    i.HAL_UART_RxHalfCpltCallback            0x080036de   Section        0  stm32f1xx_hal_uart.o(i.HAL_UART_RxHalfCpltCallback)
    i.HAL_UART_Transmit                      0x080036e0   Section        0  stm32f1xx_hal_uart.o(i.HAL_UART_Transmit)
    i.HAL_UART_TxCpltCallback                0x0800377a   Section        0  stm32f1xx_hal_uart.o(i.HAL_UART_TxCpltCallback)
    i.HardFault_Handler                      0x0800377c   Section        0  stm32f1xx_it.o(i.HardFault_Handler)
    i.I2C_IsAcknowledgeFailed                0x0800377e   Section        0  stm32f1xx_hal_i2c.o(i.I2C_IsAcknowledgeFailed)
    I2C_IsAcknowledgeFailed                  0x0800377f   Thumb Code    46  stm32f1xx_hal_i2c.o(i.I2C_IsAcknowledgeFailed)
    i.I2C_MasterRequestRead                  0x080037ac   Section        0  stm32f1xx_hal_i2c.o(i.I2C_MasterRequestRead)
    I2C_MasterRequestRead                    0x080037ad   Thumb Code   230  stm32f1xx_hal_i2c.o(i.I2C_MasterRequestRead)
    i.I2C_MasterRequestWrite                 0x08003898   Section        0  stm32f1xx_hal_i2c.o(i.I2C_MasterRequestWrite)
    I2C_MasterRequestWrite                   0x08003899   Thumb Code   150  stm32f1xx_hal_i2c.o(i.I2C_MasterRequestWrite)
    i.I2C_RequestMemoryWrite                 0x08003934   Section        0  stm32f1xx_hal_i2c.o(i.I2C_RequestMemoryWrite)
    I2C_RequestMemoryWrite                   0x08003935   Thumb Code   162  stm32f1xx_hal_i2c.o(i.I2C_RequestMemoryWrite)
    i.I2C_WaitOnBTFFlagUntilTimeout          0x080039dc   Section        0  stm32f1xx_hal_i2c.o(i.I2C_WaitOnBTFFlagUntilTimeout)
    I2C_WaitOnBTFFlagUntilTimeout            0x080039dd   Thumb Code    86  stm32f1xx_hal_i2c.o(i.I2C_WaitOnBTFFlagUntilTimeout)
    i.I2C_WaitOnFlagUntilTimeout             0x08003a34   Section        0  stm32f1xx_hal_i2c.o(i.I2C_WaitOnFlagUntilTimeout)
    I2C_WaitOnFlagUntilTimeout               0x08003a35   Thumb Code   144  stm32f1xx_hal_i2c.o(i.I2C_WaitOnFlagUntilTimeout)
    i.I2C_WaitOnMasterAddressFlagUntilTimeout 0x08003ac4   Section        0  stm32f1xx_hal_i2c.o(i.I2C_WaitOnMasterAddressFlagUntilTimeout)
    I2C_WaitOnMasterAddressFlagUntilTimeout  0x08003ac5   Thumb Code   188  stm32f1xx_hal_i2c.o(i.I2C_WaitOnMasterAddressFlagUntilTimeout)
    i.I2C_WaitOnRXNEFlagUntilTimeout         0x08003b80   Section        0  stm32f1xx_hal_i2c.o(i.I2C_WaitOnRXNEFlagUntilTimeout)
    I2C_WaitOnRXNEFlagUntilTimeout           0x08003b81   Thumb Code   112  stm32f1xx_hal_i2c.o(i.I2C_WaitOnRXNEFlagUntilTimeout)
    i.I2C_WaitOnTXEFlagUntilTimeout          0x08003bf0   Section        0  stm32f1xx_hal_i2c.o(i.I2C_WaitOnTXEFlagUntilTimeout)
    I2C_WaitOnTXEFlagUntilTimeout            0x08003bf1   Thumb Code    86  stm32f1xx_hal_i2c.o(i.I2C_WaitOnTXEFlagUntilTimeout)
    i.I2C_WriteByte                          0x08003c48   Section        0  oled.o(i.I2C_WriteByte)
    i.MX_DMA_Init                            0x08003c6c   Section        0  dma.o(i.MX_DMA_Init)
    i.MX_GPIO_Init                           0x08003ca8   Section        0  gpio.o(i.MX_GPIO_Init)
    i.MX_I2C1_Init                           0x08003ce4   Section        0  i2c.o(i.MX_I2C1_Init)
    i.MX_I2C2_Init                           0x08003d24   Section        0  i2c.o(i.MX_I2C2_Init)
    i.MX_RTC_Init                            0x08003d64   Section        0  rtc.o(i.MX_RTC_Init)
    i.MX_TIM1_Init                           0x08003d94   Section        0  tim.o(i.MX_TIM1_Init)
    i.MX_TIM3_Init                           0x08003e6c   Section        0  tim.o(i.MX_TIM3_Init)
    i.MX_USART1_UART_Init                    0x08003f14   Section        0  usart.o(i.MX_USART1_UART_Init)
    i.MX_USART2_UART_Init                    0x08003f4c   Section        0  usart.o(i.MX_USART2_UART_Init)
    i.MemManage_Handler                      0x08003f84   Section        0  stm32f1xx_it.o(i.MemManage_Handler)
    i.NMI_Handler                            0x08003f86   Section        0  stm32f1xx_it.o(i.NMI_Handler)
    i.OLED_CLS                               0x08003f88   Section        0  oled.o(i.OLED_CLS)
    i.OLED_ClearRAM                          0x08003fbc   Section        0  oled.o(i.OLED_ClearRAM)
    i.OLED_Init                              0x08003fe4   Section        0  oled.o(i.OLED_Init)
    i.OLED_RefreshRAM                        0x08004098   Section        0  oled.o(i.OLED_RefreshRAM)
    i.OLED_SetPixel                          0x080040dc   Section        0  oled.o(i.OLED_SetPixel)
    i.OLED_ShowStr                           0x08004118   Section        0  oled.o(i.OLED_ShowStr)
    i.ParseReceivedData                      0x08004250   Section        0  sht30.o(i.ParseReceivedData)
    i.PendSV_Handler                         0x08004264   Section        0  stm32f1xx_it.o(i.PendSV_Handler)
    i.RTC_Bcd2ToByte                         0x08004266   Section        0  stm32f1xx_hal_rtc.o(i.RTC_Bcd2ToByte)
    RTC_Bcd2ToByte                           0x08004267   Thumb Code    18  stm32f1xx_hal_rtc.o(i.RTC_Bcd2ToByte)
    i.RTC_ByteToBcd2                         0x08004278   Section        0  stm32f1xx_hal_rtc.o(i.RTC_ByteToBcd2)
    RTC_ByteToBcd2                           0x08004279   Thumb Code    22  stm32f1xx_hal_rtc.o(i.RTC_ByteToBcd2)
    i.RTC_DateUpdate                         0x0800428e   Section        0  stm32f1xx_hal_rtc.o(i.RTC_DateUpdate)
    RTC_DateUpdate                           0x0800428f   Thumb Code   174  stm32f1xx_hal_rtc.o(i.RTC_DateUpdate)
    i.RTC_EnterInitMode                      0x0800433c   Section        0  stm32f1xx_hal_rtc.o(i.RTC_EnterInitMode)
    RTC_EnterInitMode                        0x0800433d   Thumb Code    52  stm32f1xx_hal_rtc.o(i.RTC_EnterInitMode)
    i.RTC_ExitInitMode                       0x08004370   Section        0  stm32f1xx_hal_rtc.o(i.RTC_ExitInitMode)
    RTC_ExitInitMode                         0x08004371   Thumb Code    54  stm32f1xx_hal_rtc.o(i.RTC_ExitInitMode)
    i.RTC_ReadAlarmCounter                   0x080043a6   Section        0  stm32f1xx_hal_rtc.o(i.RTC_ReadAlarmCounter)
    RTC_ReadAlarmCounter                     0x080043a7   Thumb Code    14  stm32f1xx_hal_rtc.o(i.RTC_ReadAlarmCounter)
    i.RTC_ReadTimeCounter                    0x080043b4   Section        0  stm32f1xx_hal_rtc.o(i.RTC_ReadTimeCounter)
    RTC_ReadTimeCounter                      0x080043b5   Thumb Code    32  stm32f1xx_hal_rtc.o(i.RTC_ReadTimeCounter)
    i.RTC_WeekDayNum                         0x080043d4   Section        0  stm32f1xx_hal_rtc.o(i.RTC_WeekDayNum)
    RTC_WeekDayNum                           0x080043d5   Thumb Code    86  stm32f1xx_hal_rtc.o(i.RTC_WeekDayNum)
    i.RTC_WriteAlarmCounter                  0x0800442a   Section        0  stm32f1xx_hal_rtc.o(i.RTC_WriteAlarmCounter)
    RTC_WriteAlarmCounter                    0x0800442b   Thumb Code    40  stm32f1xx_hal_rtc.o(i.RTC_WriteAlarmCounter)
    i.RTC_WriteTimeCounter                   0x08004452   Section        0  stm32f1xx_hal_rtc.o(i.RTC_WriteTimeCounter)
    RTC_WriteTimeCounter                     0x08004453   Thumb Code    40  stm32f1xx_hal_rtc.o(i.RTC_WriteTimeCounter)
    i.ReceiveData                            0x0800447c   Section        0  sht30.o(i.ReceiveData)
    i.SET_L_mode                             0x080044d4   Section        0  bh1750.o(i.SET_L_mode)
    i.SVC_Handler                            0x080044da   Section        0  stm32f1xx_it.o(i.SVC_Handler)
    i.SendHandCommand                        0x080044dc   Section        0  sht30.o(i.SendHandCommand)
    i.Send_Dat_2_Aliyun                      0x0800450c   Section        0  bsp_aliyun.o(i.Send_Dat_2_Aliyun)
    i.Send_led_dat                           0x0800458c   Section        0  bsp_aliyun.o(i.Send_led_dat)
    i.SysTick_Handler                        0x08004644   Section        0  stm32f1xx_it.o(i.SysTick_Handler)
    i.SystemClock_Config                     0x08004648   Section        0  main.o(i.SystemClock_Config)
    i.SystemInit                             0x080046c8   Section        0  system_stm32f1xx.o(i.SystemInit)
    i.TIM_Base_SetConfig                     0x080046cc   Section        0  stm32f1xx_hal_tim.o(i.TIM_Base_SetConfig)
    i.TIM_CCxChannelCmd                      0x08004738   Section        0  stm32f1xx_hal_tim.o(i.TIM_CCxChannelCmd)
    i.TIM_ETR_SetConfig                      0x08004752   Section        0  stm32f1xx_hal_tim.o(i.TIM_ETR_SetConfig)
    i.TIM_ITRx_SetConfig                     0x08004766   Section        0  stm32f1xx_hal_tim.o(i.TIM_ITRx_SetConfig)
    TIM_ITRx_SetConfig                       0x08004767   Thumb Code    16  stm32f1xx_hal_tim.o(i.TIM_ITRx_SetConfig)
    i.TIM_OC1_SetConfig                      0x08004778   Section        0  stm32f1xx_hal_tim.o(i.TIM_OC1_SetConfig)
    TIM_OC1_SetConfig                        0x08004779   Thumb Code    74  stm32f1xx_hal_tim.o(i.TIM_OC1_SetConfig)
    i.TIM_OC2_SetConfig                      0x080047c8   Section        0  stm32f1xx_hal_tim.o(i.TIM_OC2_SetConfig)
    i.TIM_OC3_SetConfig                      0x08004820   Section        0  stm32f1xx_hal_tim.o(i.TIM_OC3_SetConfig)
    TIM_OC3_SetConfig                        0x08004821   Thumb Code    82  stm32f1xx_hal_tim.o(i.TIM_OC3_SetConfig)
    i.TIM_OC4_SetConfig                      0x08004878   Section        0  stm32f1xx_hal_tim.o(i.TIM_OC4_SetConfig)
    TIM_OC4_SetConfig                        0x08004879   Thumb Code    64  stm32f1xx_hal_tim.o(i.TIM_OC4_SetConfig)
    i.TIM_TI1_ConfigInputStage               0x080048bc   Section        0  stm32f1xx_hal_tim.o(i.TIM_TI1_ConfigInputStage)
    TIM_TI1_ConfigInputStage                 0x080048bd   Thumb Code    34  stm32f1xx_hal_tim.o(i.TIM_TI1_ConfigInputStage)
    i.TIM_TI2_ConfigInputStage               0x080048de   Section        0  stm32f1xx_hal_tim.o(i.TIM_TI2_ConfigInputStage)
    TIM_TI2_ConfigInputStage                 0x080048df   Thumb Code    36  stm32f1xx_hal_tim.o(i.TIM_TI2_ConfigInputStage)
    i.UART_DMAAbortOnError                   0x08004902   Section        0  stm32f1xx_hal_uart.o(i.UART_DMAAbortOnError)
    UART_DMAAbortOnError                     0x08004903   Thumb Code    16  stm32f1xx_hal_uart.o(i.UART_DMAAbortOnError)
    i.UART_DMAError                          0x08004912   Section        0  stm32f1xx_hal_uart.o(i.UART_DMAError)
    UART_DMAError                            0x08004913   Thumb Code    74  stm32f1xx_hal_uart.o(i.UART_DMAError)
    i.UART_DMAReceiveCplt                    0x0800495c   Section        0  stm32f1xx_hal_uart.o(i.UART_DMAReceiveCplt)
    UART_DMAReceiveCplt                      0x0800495d   Thumb Code   134  stm32f1xx_hal_uart.o(i.UART_DMAReceiveCplt)
    i.UART_DMARxHalfCplt                     0x080049e2   Section        0  stm32f1xx_hal_uart.o(i.UART_DMARxHalfCplt)
    UART_DMARxHalfCplt                       0x080049e3   Thumb Code    30  stm32f1xx_hal_uart.o(i.UART_DMARxHalfCplt)
    i.UART_EndRxTransfer                     0x08004a00   Section        0  stm32f1xx_hal_uart.o(i.UART_EndRxTransfer)
    UART_EndRxTransfer                       0x08004a01   Thumb Code    78  stm32f1xx_hal_uart.o(i.UART_EndRxTransfer)
    i.UART_EndTxTransfer                     0x08004a4e   Section        0  stm32f1xx_hal_uart.o(i.UART_EndTxTransfer)
    UART_EndTxTransfer                       0x08004a4f   Thumb Code    28  stm32f1xx_hal_uart.o(i.UART_EndTxTransfer)
    i.UART_Receive_IT                        0x08004a6a   Section        0  stm32f1xx_hal_uart.o(i.UART_Receive_IT)
    UART_Receive_IT                          0x08004a6b   Thumb Code   194  stm32f1xx_hal_uart.o(i.UART_Receive_IT)
    i.UART_SetConfig                         0x08004b2c   Section        0  stm32f1xx_hal_uart.o(i.UART_SetConfig)
    UART_SetConfig                           0x08004b2d   Thumb Code   178  stm32f1xx_hal_uart.o(i.UART_SetConfig)
    i.UART_Start_Receive_DMA                 0x08004be4   Section        0  stm32f1xx_hal_uart.o(i.UART_Start_Receive_DMA)
    i.UART_WaitOnFlagUntilTimeout            0x08004c74   Section        0  stm32f1xx_hal_uart.o(i.UART_WaitOnFlagUntilTimeout)
    UART_WaitOnFlagUntilTimeout              0x08004c75   Thumb Code   120  stm32f1xx_hal_uart.o(i.UART_WaitOnFlagUntilTimeout)
    i.USART1_IRQHandler                      0x08004cec   Section        0  stm32f1xx_it.o(i.USART1_IRQHandler)
    i.UsageFault_Handler                     0x08004cf8   Section        0  stm32f1xx_it.o(i.UsageFault_Handler)
    i.Usart1_Send_Str                        0x08004cfc   Section        0  bsp_aliyun.o(i.Usart1_Send_Str)
    i.WriteCmd                               0x08004d20   Section        0  oled.o(i.WriteCmd)
    i.WriteDat                               0x08004d28   Section        0  oled.o(i.WriteDat)
    i.__0snprintf                            0x08004d30   Section        0  printfa.o(i.__0snprintf)
    i.__0sprintf                             0x08004d64   Section        0  printfa.o(i.__0sprintf)
    i.__NVIC_SetPriority                     0x08004d8c   Section        0  stm32f1xx_hal_cortex.o(i.__NVIC_SetPriority)
    __NVIC_SetPriority                       0x08004d8d   Thumb Code    32  stm32f1xx_hal_cortex.o(i.__NVIC_SetPriority)
    i.__scatterload_copy                     0x08004dac   Section       14  handlers.o(i.__scatterload_copy)
    i.__scatterload_null                     0x08004dba   Section        2  handlers.o(i.__scatterload_null)
    i.__scatterload_zeroinit                 0x08004dbc   Section       14  handlers.o(i.__scatterload_zeroinit)
    i._fp_digits                             0x08004dcc   Section        0  printfa.o(i._fp_digits)
    _fp_digits                               0x08004dcd   Thumb Code   366  printfa.o(i._fp_digits)
    i._is_digit                              0x08004f50   Section        0  scanf_fp.o(i._is_digit)
    i._printf_core                           0x08004f60   Section        0  printfa.o(i._printf_core)
    _printf_core                             0x08004f61   Thumb Code  1704  printfa.o(i._printf_core)
    i._printf_post_padding                   0x08005614   Section        0  printfa.o(i._printf_post_padding)
    _printf_post_padding                     0x08005615   Thumb Code    36  printfa.o(i._printf_post_padding)
    i._printf_pre_padding                    0x08005638   Section        0  printfa.o(i._printf_pre_padding)
    _printf_pre_padding                      0x08005639   Thumb Code    46  printfa.o(i._printf_pre_padding)
    i._snputc                                0x08005666   Section        0  printfa.o(i._snputc)
    _snputc                                  0x08005667   Thumb Code    22  printfa.o(i._snputc)
    i._sputc                                 0x0800567c   Section        0  printfa.o(i._sputc)
    _sputc                                   0x0800567d   Thumb Code    10  printfa.o(i._sputc)
    i.duoji_init                             0x08005688   Section        0  pwm_duoji.o(i.duoji_init)
    i.find_param                             0x080056b0   Section        0  main.o(i.find_param)
    i.lightSensorLux                         0x08005704   Section        0  bh1750.o(i.lightSensorLux)
    i.main                                   0x08005720   Section        0  main.o(i.main)
    i.parse_ntp_time                         0x080059c8   Section        0  setdate.o(i.parse_ntp_time)
    i.process_message                        0x080059f4   Section        0  main.o(i.process_message)
    i.set_rtc_time                           0x08005abc   Section        0  setdate.o(i.set_rtc_time)
    .constdata                               0x08005b24   Section      948  main.o(.constdata)
    .constdata                               0x08005ed8   Section       18  stm32f1xx_hal_rcc.o(.constdata)
    aPredivFactorTable                       0x08005ed8   Data           2  stm32f1xx_hal_rcc.o(.constdata)
    aPLLMULFactorTable                       0x08005eda   Data          16  stm32f1xx_hal_rcc.o(.constdata)
    .constdata                               0x08005eea   Section       18  stm32f1xx_hal_rcc_ex.o(.constdata)
    aPredivFactorTable                       0x08005eea   Data           2  stm32f1xx_hal_rcc_ex.o(.constdata)
    aPLLMULFactorTable                       0x08005eec   Data          16  stm32f1xx_hal_rcc_ex.o(.constdata)
    .constdata                               0x08005efc   Section       16  system_stm32f1xx.o(.constdata)
    .constdata                               0x08005f0c   Section        8  system_stm32f1xx.o(.constdata)
    .constdata                               0x08005f14   Section       12  localtime.o(.constdata)
    monlen                                   0x08005f14   Data          12  localtime.o(.constdata)
    .constdata                               0x08005f20   Section       64  ctype_c.o(.constdata)
    .conststring                             0x08005f60   Section       82  main.o(.conststring)
    .conststring                             0x08005fb4   Section      233  bsp_aliyun.o(.conststring)
    .data                                    0x20000000   Section        8  main.o(.data)
    .data                                    0x20000008   Section       12  stm32f1xx_hal.o(.data)
    .data                                    0x20000014   Section        4  system_stm32f1xx.o(.data)
    .data                                    0x20000018   Section     2616  oled.o(.data)
    F6x8                                     0x20000018   Data         552  oled.o(.data)
    F8X16                                    0x20000240   Data        1520  oled.o(.data)
    F16x16_CN                                0x20000830   Data         544  oled.o(.data)
    .bss                                     0x20000a50   Section      512  main.o(.bss)
    .bss                                     0x20000c50   Section      168  i2c.o(.bss)
    .bss                                     0x20000cf8   Section       20  rtc.o(.bss)
    .bss                                     0x20000d0c   Section      144  tim.o(.bss)
    .bss                                     0x20000d9c   Section      280  usart.o(.bss)
    .bss                                     0x20000eb4   Section     1024  oled.o(.bss)
    .bss                                     0x200012b4   Section       32  sht30.o(.bss)
    receivedData                             0x200012b4   Data          32  sht30.o(.bss)
    .bss                                     0x200012d4   Section      512  bsp_aliyun.o(.bss)
    .bss                                     0x200014d4   Section       44  localtime.o(.bss)
    _tms                                     0x200014d4   Data          44  localtime.o(.bss)
    STACK                                    0x20001500   Section     1024  startup_stm32f103xb.o(STACK)

    Global Symbols

    Symbol Name                              Value     Ov Type        Size  Object(Section)

    BuildAttributes$$THM_ISAv4$P$D$K$B$S$PE$A:L22UL41UL21$X:L11$S22US41US21$IEEE1$IW$USESV6$~STKCKD$USESV7$~SHL$OTIME$ROPI$EBA8$MICROLIB$REQ8$PRES8$EABIv2 0x00000000   Number         0  anon$$obj.o ABSOLUTE
    __ARM_use_no_argv                        0x00000000   Number         0  main.o ABSOLUTE
    _printf_a                                0x00000000   Number         0  stubs.o ABSOLUTE
    _printf_c                                0x00000000   Number         0  stubs.o ABSOLUTE
    _printf_charcount                        0x00000000   Number         0  stubs.o ABSOLUTE
    _printf_d                                0x00000000   Number         0  stubs.o ABSOLUTE
    _printf_e                                0x00000000   Number         0  stubs.o ABSOLUTE
    _printf_f                                0x00000000   Number         0  stubs.o ABSOLUTE
    _printf_flags                            0x00000000   Number         0  stubs.o ABSOLUTE
    _printf_fp_dec                           0x00000000   Number         0  stubs.o ABSOLUTE
    _printf_fp_hex                           0x00000000   Number         0  stubs.o ABSOLUTE
    _printf_g                                0x00000000   Number         0  stubs.o ABSOLUTE
    _printf_i                                0x00000000   Number         0  stubs.o ABSOLUTE
    _printf_int_dec                          0x00000000   Number         0  stubs.o ABSOLUTE
    _printf_l                                0x00000000   Number         0  stubs.o ABSOLUTE
    _printf_lc                               0x00000000   Number         0  stubs.o ABSOLUTE
    _printf_ll                               0x00000000   Number         0  stubs.o ABSOLUTE
    _printf_lld                              0x00000000   Number         0  stubs.o ABSOLUTE
    _printf_lli                              0x00000000   Number         0  stubs.o ABSOLUTE
    _printf_llo                              0x00000000   Number         0  stubs.o ABSOLUTE
    _printf_llu                              0x00000000   Number         0  stubs.o ABSOLUTE
    _printf_llx                              0x00000000   Number         0  stubs.o ABSOLUTE
    _printf_longlong_dec                     0x00000000   Number         0  stubs.o ABSOLUTE
    _printf_longlong_hex                     0x00000000   Number         0  stubs.o ABSOLUTE
    _printf_longlong_oct                     0x00000000   Number         0  stubs.o ABSOLUTE
    _printf_ls                               0x00000000   Number         0  stubs.o ABSOLUTE
    _printf_mbtowc                           0x00000000   Number         0  stubs.o ABSOLUTE
    _printf_n                                0x00000000   Number         0  stubs.o ABSOLUTE
    _printf_o                                0x00000000   Number         0  stubs.o ABSOLUTE
    _printf_p                                0x00000000   Number         0  stubs.o ABSOLUTE
    _printf_percent                          0x00000000   Number         0  stubs.o ABSOLUTE
    _printf_pre_padding                      0x00000000   Number         0  stubs.o ABSOLUTE
    _printf_return_value                     0x00000000   Number         0  stubs.o ABSOLUTE
    _printf_s                                0x00000000   Number         0  stubs.o ABSOLUTE
    _printf_sizespec                         0x00000000   Number         0  stubs.o ABSOLUTE
    _printf_str                              0x00000000   Number         0  stubs.o ABSOLUTE
    _printf_truncate_signed                  0x00000000   Number         0  stubs.o ABSOLUTE
    _printf_truncate_unsigned                0x00000000   Number         0  stubs.o ABSOLUTE
    _printf_u                                0x00000000   Number         0  stubs.o ABSOLUTE
    _printf_wc                               0x00000000   Number         0  stubs.o ABSOLUTE
    _printf_wctomb                           0x00000000   Number         0  stubs.o ABSOLUTE
    _printf_widthprec                        0x00000000   Number         0  stubs.o ABSOLUTE
    _printf_x                                0x00000000   Number         0  stubs.o ABSOLUTE
    __arm_fini_                               - Undefined Weak Reference
    __cpp_initialize__aeabi_                  - Undefined Weak Reference
    __cxa_finalize                            - Undefined Weak Reference
    _clock_init                               - Undefined Weak Reference
    _microlib_exit                            - Undefined Weak Reference
    _scanf_int                                - Undefined Weak Reference
    _scanf_longlong                           - Undefined Weak Reference
    _scanf_string                             - Undefined Weak Reference
    __Vectors_Size                           0x000000ec   Number         0  startup_stm32f103xb.o ABSOLUTE
    __Vectors                                0x08000000   Data           4  startup_stm32f103xb.o(RESET)
    __Vectors_End                            0x080000ec   Data           0  startup_stm32f103xb.o(RESET)
    __main                                   0x080000ed   Thumb Code     0  entry.o(.ARM.Collect$$$$00000000)
    _main_stk                                0x080000ed   Thumb Code     0  entry2.o(.ARM.Collect$$$$00000001)
    _main_scatterload                        0x080000f1   Thumb Code     0  entry5.o(.ARM.Collect$$$$00000004)
    __main_after_scatterload                 0x080000f5   Thumb Code     0  entry5.o(.ARM.Collect$$$$00000004)
    _main_clock                              0x080000f5   Thumb Code     0  entry7b.o(.ARM.Collect$$$$00000008)
    _main_cpp_init                           0x080000f5   Thumb Code     0  entry8b.o(.ARM.Collect$$$$0000000A)
    _main_init                               0x080000f5   Thumb Code     0  entry9a.o(.ARM.Collect$$$$0000000B)
    __rt_lib_shutdown_fini                   0x080000fd   Thumb Code     0  entry12b.o(.ARM.Collect$$$$0000000E)
    __rt_final_cpp                           0x08000101   Thumb Code     0  entry10a.o(.ARM.Collect$$$$0000000F)
    __rt_final_exit                          0x08000101   Thumb Code     0  entry11a.o(.ARM.Collect$$$$00000011)
    Reset_Handler                            0x08000105   Thumb Code     8  startup_stm32f103xb.o(.text)
    ADC1_2_IRQHandler                        0x0800011f   Thumb Code     0  startup_stm32f103xb.o(.text)
    CAN1_RX1_IRQHandler                      0x0800011f   Thumb Code     0  startup_stm32f103xb.o(.text)
    CAN1_SCE_IRQHandler                      0x0800011f   Thumb Code     0  startup_stm32f103xb.o(.text)
    DMA1_Channel1_IRQHandler                 0x0800011f   Thumb Code     0  startup_stm32f103xb.o(.text)
    DMA1_Channel2_IRQHandler                 0x0800011f   Thumb Code     0  startup_stm32f103xb.o(.text)
    DMA1_Channel3_IRQHandler                 0x0800011f   Thumb Code     0  startup_stm32f103xb.o(.text)
    DMA1_Channel6_IRQHandler                 0x0800011f   Thumb Code     0  startup_stm32f103xb.o(.text)
    DMA1_Channel7_IRQHandler                 0x0800011f   Thumb Code     0  startup_stm32f103xb.o(.text)
    EXTI0_IRQHandler                         0x0800011f   Thumb Code     0  startup_stm32f103xb.o(.text)
    EXTI15_10_IRQHandler                     0x0800011f   Thumb Code     0  startup_stm32f103xb.o(.text)
    EXTI1_IRQHandler                         0x0800011f   Thumb Code     0  startup_stm32f103xb.o(.text)
    EXTI2_IRQHandler                         0x0800011f   Thumb Code     0  startup_stm32f103xb.o(.text)
    EXTI3_IRQHandler                         0x0800011f   Thumb Code     0  startup_stm32f103xb.o(.text)
    EXTI4_IRQHandler                         0x0800011f   Thumb Code     0  startup_stm32f103xb.o(.text)
    EXTI9_5_IRQHandler                       0x0800011f   Thumb Code     0  startup_stm32f103xb.o(.text)
    FLASH_IRQHandler                         0x0800011f   Thumb Code     0  startup_stm32f103xb.o(.text)
    I2C1_ER_IRQHandler                       0x0800011f   Thumb Code     0  startup_stm32f103xb.o(.text)
    I2C1_EV_IRQHandler                       0x0800011f   Thumb Code     0  startup_stm32f103xb.o(.text)
    I2C2_ER_IRQHandler                       0x0800011f   Thumb Code     0  startup_stm32f103xb.o(.text)
    I2C2_EV_IRQHandler                       0x0800011f   Thumb Code     0  startup_stm32f103xb.o(.text)
    PVD_IRQHandler                           0x0800011f   Thumb Code     0  startup_stm32f103xb.o(.text)
    RCC_IRQHandler                           0x0800011f   Thumb Code     0  startup_stm32f103xb.o(.text)
    RTC_Alarm_IRQHandler                     0x0800011f   Thumb Code     0  startup_stm32f103xb.o(.text)
    RTC_IRQHandler                           0x0800011f   Thumb Code     0  startup_stm32f103xb.o(.text)
    SPI1_IRQHandler                          0x0800011f   Thumb Code     0  startup_stm32f103xb.o(.text)
    SPI2_IRQHandler                          0x0800011f   Thumb Code     0  startup_stm32f103xb.o(.text)
    TAMPER_IRQHandler                        0x0800011f   Thumb Code     0  startup_stm32f103xb.o(.text)
    TIM1_BRK_IRQHandler                      0x0800011f   Thumb Code     0  startup_stm32f103xb.o(.text)
    TIM1_CC_IRQHandler                       0x0800011f   Thumb Code     0  startup_stm32f103xb.o(.text)
    TIM1_TRG_COM_IRQHandler                  0x0800011f   Thumb Code     0  startup_stm32f103xb.o(.text)
    TIM1_UP_IRQHandler                       0x0800011f   Thumb Code     0  startup_stm32f103xb.o(.text)
    TIM2_IRQHandler                          0x0800011f   Thumb Code     0  startup_stm32f103xb.o(.text)
    TIM3_IRQHandler                          0x0800011f   Thumb Code     0  startup_stm32f103xb.o(.text)
    TIM4_IRQHandler                          0x0800011f   Thumb Code     0  startup_stm32f103xb.o(.text)
    USART2_IRQHandler                        0x0800011f   Thumb Code     0  startup_stm32f103xb.o(.text)
    USART3_IRQHandler                        0x0800011f   Thumb Code     0  startup_stm32f103xb.o(.text)
    USBWakeUp_IRQHandler                     0x0800011f   Thumb Code     0  startup_stm32f103xb.o(.text)
    USB_HP_CAN1_TX_IRQHandler                0x0800011f   Thumb Code     0  startup_stm32f103xb.o(.text)
    USB_LP_CAN1_RX0_IRQHandler               0x0800011f   Thumb Code     0  startup_stm32f103xb.o(.text)
    WWDG_IRQHandler                          0x0800011f   Thumb Code     0  startup_stm32f103xb.o(.text)
    __aeabi_llsr                             0x08000129   Thumb Code    32  llushr.o(.text)
    _ll_ushift_r                             0x08000129   Thumb Code     0  llushr.o(.text)
    localtime                                0x08000149   Thumb Code   138  localtime.o(.text)
    __aeabi_memcpy                           0x080001dd   Thumb Code    36  memcpya.o(.text)
    __aeabi_memcpy4                          0x080001dd   Thumb Code     0  memcpya.o(.text)
    __aeabi_memcpy8                          0x080001dd   Thumb Code     0  memcpya.o(.text)
    __aeabi_memset                           0x08000201   Thumb Code    14  memseta.o(.text)
    __aeabi_memset4                          0x08000201   Thumb Code     0  memseta.o(.text)
    __aeabi_memset8                          0x08000201   Thumb Code     0  memseta.o(.text)
    __aeabi_memclr                           0x0800020f   Thumb Code     4  memseta.o(.text)
    __aeabi_memclr4                          0x0800020f   Thumb Code     0  memseta.o(.text)
    __aeabi_memclr8                          0x0800020f   Thumb Code     0  memseta.o(.text)
    _memset$wrapper                          0x08000213   Thumb Code    18  memseta.o(.text)
    strcat                                   0x08000225   Thumb Code    24  strcat.o(.text)
    strstr                                   0x0800023d   Thumb Code    36  strstr.o(.text)
    strchr                                   0x08000261   Thumb Code    20  strchr.o(.text)
    strlen                                   0x08000275   Thumb Code    14  strlen.o(.text)
    strcmp                                   0x08000283   Thumb Code    28  strcmp.o(.text)
    __0sscanf                                0x080002a1   Thumb Code    48  __0sscanf.o(.text)
    _scanf_real                              0x08000401   Thumb Code     0  scanf_fp.o(.text)
    _scanf_really_real                       0x08000401   Thumb Code   556  scanf_fp.o(.text)
    __aeabi_ddiv                             0x08000639   Thumb Code   222  ddiv.o(.text)
    __aeabi_ui2d                             0x08000717   Thumb Code    26  dfltui.o(.text)
    __aeabi_d2iz                             0x08000731   Thumb Code    62  dfixi.o(.text)
    __aeabi_f2d                              0x0800076f   Thumb Code    38  f2d.o(.text)
    __aeabi_uidiv                            0x08000795   Thumb Code     0  uidiv.o(.text)
    __aeabi_uidivmod                         0x08000795   Thumb Code    44  uidiv.o(.text)
    __aeabi_uldivmod                         0x080007c1   Thumb Code    98  uldiv.o(.text)
    __vfscanf_char                           0x08000831   Thumb Code    20  scanf_char.o(.text)
    _sgetc                                   0x0800084d   Thumb Code    30  _sgetc.o(.text)
    _sbackspace                              0x0800086b   Thumb Code    34  _sgetc.o(.text)
    __I$use$fp                               0x0800088d   Thumb Code     0  iusefp.o(.text)
    _double_round                            0x0800088d   Thumb Code    30  depilogue.o(.text)
    _double_epilogue                         0x080008ab   Thumb Code   156  depilogue.o(.text)
    __aeabi_dadd                             0x08000947   Thumb Code   322  dadd.o(.text)
    __aeabi_dsub                             0x08000a89   Thumb Code     6  dadd.o(.text)
    __aeabi_drsub                            0x08000a8f   Thumb Code     6  dadd.o(.text)
    __aeabi_dmul                             0x08000a95   Thumb Code   228  dmul.o(.text)
    __aeabi_ul2d                             0x08000b79   Thumb Code    24  dfltul.o(.text)
    __aeabi_d2ulz                            0x08000b91   Thumb Code    48  dfixul.o(.text)
    __aeabi_cdrcmple                         0x08000bc1   Thumb Code    48  cdrcmple.o(.text)
    __aeabi_d2f                              0x08000bf1   Thumb Code    56  d2f.o(.text)
    __scatterload                            0x08000c29   Thumb Code    28  init.o(.text)
    __scatterload_rt2                        0x08000c29   Thumb Code     0  init.o(.text)
    __aeabi_llsl                             0x08000c4d   Thumb Code    30  llshl.o(.text)
    _ll_shift_l                              0x08000c4d   Thumb Code     0  llshl.o(.text)
    __aeabi_lasr                             0x08000c6b   Thumb Code    36  llsshr.o(.text)
    _ll_sshift_r                             0x08000c6b   Thumb Code     0  llsshr.o(.text)
    isspace                                  0x08000c8f   Thumb Code    10  isspace_c.o(.text)
    __vfscanf                                0x08000c99   Thumb Code   810  _scanf.o(.text)
    _float_round                             0x08000fc9   Thumb Code    18  fepilogue.o(.text)
    _float_epilogue                          0x08000fdb   Thumb Code    92  fepilogue.o(.text)
    __ctype_lookup                           0x08001039   Thumb Code    34  ctype_c.o(.text)
    __decompress                             0x08001061   Thumb Code     0  __dczerorl2.o(.text)
    __decompress1                            0x08001061   Thumb Code    86  __dczerorl2.o(.text)
    Aliyun_Connect                           0x080010b9   Thumb Code   148  bsp_aliyun.o(i.Aliyun_Connect)
    BH1750_Dat_To_Lux                        0x08001209   Thumb Code    40  bh1750.o(i.BH1750_Dat_To_Lux)
    BH1750_Read_Dat                          0x08001235   Thumb Code    28  bh1750.o(i.BH1750_Read_Dat)
    BH1750_Send_Cmd                          0x08001255   Thumb Code    24  bh1750.o(i.BH1750_Send_Cmd)
    BusFault_Handler                         0x08001271   Thumb Code     2  stm32f1xx_it.o(i.BusFault_Handler)
    DJ_init                                  0x08001349   Thumb Code   140  pwm-dj.o(i.DJ_init)
    DJ_set                                   0x080013e5   Thumb Code   142  pwm-dj.o(i.DJ_set)
    DMA1_Channel4_IRQHandler                 0x0800147d   Thumb Code     6  stm32f1xx_it.o(i.DMA1_Channel4_IRQHandler)
    DMA1_Channel5_IRQHandler                 0x08001489   Thumb Code     6  stm32f1xx_it.o(i.DMA1_Channel5_IRQHandler)
    DebugMon_Handler                         0x080014bf   Thumb Code     2  stm32f1xx_it.o(i.DebugMon_Handler)
    ESP8266_Init                             0x080014c1   Thumb Code    82  bsp_aliyun.o(i.ESP8266_Init)
    Error_Handler                            0x08001559   Thumb Code     4  main.o(i.Error_Handler)
    FindStr                                  0x0800155d   Thumb Code    44  bsp_aliyun.o(i.FindStr)
    HAL_DMA_Abort                            0x08001589   Thumb Code    70  stm32f1xx_hal_dma.o(i.HAL_DMA_Abort)
    HAL_DMA_Abort_IT                         0x080015d1   Thumb Code   148  stm32f1xx_hal_dma.o(i.HAL_DMA_Abort_IT)
    HAL_DMA_IRQHandler                       0x08001669   Thumb Code   316  stm32f1xx_hal_dma.o(i.HAL_DMA_IRQHandler)
    HAL_DMA_Init                             0x080017bd   Thumb Code    84  stm32f1xx_hal_dma.o(i.HAL_DMA_Init)
    HAL_DMA_Start_IT                         0x08001819   Thumb Code   112  stm32f1xx_hal_dma.o(i.HAL_DMA_Start_IT)
    HAL_Delay                                0x08001889   Thumb Code    32  stm32f1xx_hal.o(i.HAL_Delay)
    HAL_GPIO_Init                            0x080018ad   Thumb Code   446  stm32f1xx_hal_gpio.o(i.HAL_GPIO_Init)
    HAL_GPIO_WritePin                        0x08001a8d   Thumb Code    10  stm32f1xx_hal_gpio.o(i.HAL_GPIO_WritePin)
    HAL_GetTick                              0x08001a99   Thumb Code     6  stm32f1xx_hal.o(i.HAL_GetTick)
    HAL_I2C_Init                             0x08001aa5   Thumb Code   376  stm32f1xx_hal_i2c.o(i.HAL_I2C_Init)
    HAL_I2C_Master_Receive                   0x08001c2d   Thumb Code   576  stm32f1xx_hal_i2c.o(i.HAL_I2C_Master_Receive)
    HAL_I2C_Master_Transmit                  0x08001e7d   Thumb Code   290  stm32f1xx_hal_i2c.o(i.HAL_I2C_Master_Transmit)
    HAL_I2C_Mem_Write                        0x08001fa9   Thumb Code   294  stm32f1xx_hal_i2c.o(i.HAL_I2C_Mem_Write)
    HAL_I2C_MspInit                          0x080020d9   Thumb Code   148  i2c.o(i.HAL_I2C_MspInit)
    HAL_IncTick                              0x08002181   Thumb Code    12  stm32f1xx_hal.o(i.HAL_IncTick)
    HAL_Init                                 0x08002191   Thumb Code    32  stm32f1xx_hal.o(i.HAL_Init)
    HAL_InitTick                             0x080021b5   Thumb Code    54  stm32f1xx_hal.o(i.HAL_InitTick)
    HAL_MspInit                              0x080021f5   Thumb Code    52  stm32f1xx_hal_msp.o(i.HAL_MspInit)
    HAL_NVIC_EnableIRQ                       0x08002231   Thumb Code    26  stm32f1xx_hal_cortex.o(i.HAL_NVIC_EnableIRQ)
    HAL_NVIC_SetPriority                     0x0800224d   Thumb Code    60  stm32f1xx_hal_cortex.o(i.HAL_NVIC_SetPriority)
    HAL_NVIC_SetPriorityGrouping             0x0800228d   Thumb Code    26  stm32f1xx_hal_cortex.o(i.HAL_NVIC_SetPriorityGrouping)
    HAL_PWR_EnableBkUpAccess                 0x080022b1   Thumb Code     8  stm32f1xx_hal_pwr.o(i.HAL_PWR_EnableBkUpAccess)
    HAL_RCCEx_GetPeriphCLKFreq               0x080022bd   Thumb Code   148  stm32f1xx_hal_rcc_ex.o(i.HAL_RCCEx_GetPeriphCLKFreq)
    HAL_RCCEx_PeriphCLKConfig                0x08002361   Thumb Code   224  stm32f1xx_hal_rcc_ex.o(i.HAL_RCCEx_PeriphCLKConfig)
    HAL_RCC_ClockConfig                      0x0800244d   Thumb Code   280  stm32f1xx_hal_rcc.o(i.HAL_RCC_ClockConfig)
    HAL_RCC_GetPCLK1Freq                     0x08002579   Thumb Code    20  stm32f1xx_hal_rcc.o(i.HAL_RCC_GetPCLK1Freq)
    HAL_RCC_GetPCLK2Freq                     0x08002599   Thumb Code    20  stm32f1xx_hal_rcc.o(i.HAL_RCC_GetPCLK2Freq)
    HAL_RCC_GetSysClockFreq                  0x080025b9   Thumb Code    58  stm32f1xx_hal_rcc.o(i.HAL_RCC_GetSysClockFreq)
    HAL_RCC_OscConfig                        0x08002605   Thumb Code   778  stm32f1xx_hal_rcc.o(i.HAL_RCC_OscConfig)
    HAL_RTC_GetDate                          0x08002925   Thumb Code    78  stm32f1xx_hal_rtc.o(i.HAL_RTC_GetDate)
    HAL_RTC_GetTime                          0x08002973   Thumb Code   216  stm32f1xx_hal_rtc.o(i.HAL_RTC_GetTime)
    HAL_RTC_Init                             0x08002a4d   Thumb Code   144  stm32f1xx_hal_rtc.o(i.HAL_RTC_Init)
    HAL_RTC_MspInit                          0x08002ae1   Thumb Code    40  rtc.o(i.HAL_RTC_MspInit)
    HAL_RTC_SetDate                          0x08002b15   Thumb Code   192  stm32f1xx_hal_rtc.o(i.HAL_RTC_SetDate)
    HAL_RTC_SetTime                          0x08002bd9   Thumb Code   168  stm32f1xx_hal_rtc.o(i.HAL_RTC_SetTime)
    HAL_RTC_WaitForSynchro                   0x08002c85   Thumb Code    58  stm32f1xx_hal_rtc.o(i.HAL_RTC_WaitForSynchro)
    HAL_SYSTICK_Config                       0x08002cbf   Thumb Code    40  stm32f1xx_hal_cortex.o(i.HAL_SYSTICK_Config)
    HAL_TIMEx_ConfigBreakDeadTime            0x08002ce7   Thumb Code    84  stm32f1xx_hal_tim_ex.o(i.HAL_TIMEx_ConfigBreakDeadTime)
    HAL_TIMEx_MasterConfigSynchronization    0x08002d3d   Thumb Code    92  stm32f1xx_hal_tim_ex.o(i.HAL_TIMEx_MasterConfigSynchronization)
    HAL_TIM_Base_Init                        0x08002da5   Thumb Code    90  stm32f1xx_hal_tim.o(i.HAL_TIM_Base_Init)
    HAL_TIM_Base_MspInit                     0x08002e01   Thumb Code    52  tim.o(i.HAL_TIM_Base_MspInit)
    HAL_TIM_ConfigClockSource                0x08002e41   Thumb Code   220  stm32f1xx_hal_tim.o(i.HAL_TIM_ConfigClockSource)
    HAL_TIM_MspPostInit                      0x08002f1d   Thumb Code    90  tim.o(i.HAL_TIM_MspPostInit)
    HAL_TIM_PWM_ConfigChannel                0x08002f89   Thumb Code   204  stm32f1xx_hal_tim.o(i.HAL_TIM_PWM_ConfigChannel)
    HAL_TIM_PWM_Init                         0x08003055   Thumb Code    90  stm32f1xx_hal_tim.o(i.HAL_TIM_PWM_Init)
    HAL_TIM_PWM_MspInit                      0x080030af   Thumb Code     2  stm32f1xx_hal_tim.o(i.HAL_TIM_PWM_MspInit)
    HAL_TIM_PWM_Start                        0x080030b1   Thumb Code   144  stm32f1xx_hal_tim.o(i.HAL_TIM_PWM_Start)
    HAL_UARTEx_ReceiveToIdle_DMA             0x0800314d   Thumb Code    78  stm32f1xx_hal_uart.o(i.HAL_UARTEx_ReceiveToIdle_DMA)
    HAL_UARTEx_RxEventCallback               0x0800319d   Thumb Code    84  main.o(i.HAL_UARTEx_RxEventCallback)
    HAL_UART_ErrorCallback                   0x08003221   Thumb Code     2  stm32f1xx_hal_uart.o(i.HAL_UART_ErrorCallback)
    HAL_UART_IRQHandler                      0x08003225   Thumb Code   616  stm32f1xx_hal_uart.o(i.HAL_UART_IRQHandler)
    HAL_UART_Init                            0x08003491   Thumb Code   100  stm32f1xx_hal_uart.o(i.HAL_UART_Init)
    HAL_UART_MspInit                         0x080034f5   Thumb Code   282  usart.o(i.HAL_UART_MspInit)
    HAL_UART_Receive                         0x08003631   Thumb Code   172  stm32f1xx_hal_uart.o(i.HAL_UART_Receive)
    HAL_UART_RxCpltCallback                  0x080036dd   Thumb Code     2  stm32f1xx_hal_uart.o(i.HAL_UART_RxCpltCallback)
    HAL_UART_RxHalfCpltCallback              0x080036df   Thumb Code     2  stm32f1xx_hal_uart.o(i.HAL_UART_RxHalfCpltCallback)
    HAL_UART_Transmit                        0x080036e1   Thumb Code   154  stm32f1xx_hal_uart.o(i.HAL_UART_Transmit)
    HAL_UART_TxCpltCallback                  0x0800377b   Thumb Code     2  stm32f1xx_hal_uart.o(i.HAL_UART_TxCpltCallback)
    HardFault_Handler                        0x0800377d   Thumb Code     2  stm32f1xx_it.o(i.HardFault_Handler)
    I2C_WriteByte                            0x08003c49   Thumb Code    30  oled.o(i.I2C_WriteByte)
    MX_DMA_Init                              0x08003c6d   Thumb Code    56  dma.o(i.MX_DMA_Init)
    MX_GPIO_Init                             0x08003ca9   Thumb Code    54  gpio.o(i.MX_GPIO_Init)
    MX_I2C1_Init                             0x08003ce5   Thumb Code    50  i2c.o(i.MX_I2C1_Init)
    MX_I2C2_Init                             0x08003d25   Thumb Code    50  i2c.o(i.MX_I2C2_Init)
    MX_RTC_Init                              0x08003d65   Thumb Code    38  rtc.o(i.MX_RTC_Init)
    MX_TIM1_Init                             0x08003d95   Thumb Code   208  tim.o(i.MX_TIM1_Init)
    MX_TIM3_Init                             0x08003e6d   Thumb Code   160  tim.o(i.MX_TIM3_Init)
    MX_USART1_UART_Init                      0x08003f15   Thumb Code    48  usart.o(i.MX_USART1_UART_Init)
    MX_USART2_UART_Init                      0x08003f4d   Thumb Code    48  usart.o(i.MX_USART2_UART_Init)
    MemManage_Handler                        0x08003f85   Thumb Code     2  stm32f1xx_it.o(i.MemManage_Handler)
    NMI_Handler                              0x08003f87   Thumb Code     2  stm32f1xx_it.o(i.NMI_Handler)
    OLED_CLS                                 0x08003f89   Thumb Code    52  oled.o(i.OLED_CLS)
    OLED_ClearRAM                            0x08003fbd   Thumb Code    34  oled.o(i.OLED_ClearRAM)
    OLED_Init                                0x08003fe5   Thumb Code   178  oled.o(i.OLED_Init)
    OLED_RefreshRAM                          0x08004099   Thumb Code    62  oled.o(i.OLED_RefreshRAM)
    OLED_SetPixel                            0x080040dd   Thumb Code    56  oled.o(i.OLED_SetPixel)
    OLED_ShowStr                             0x08004119   Thumb Code   302  oled.o(i.OLED_ShowStr)
    ParseReceivedData                        0x08004251   Thumb Code     8  sht30.o(i.ParseReceivedData)
    PendSV_Handler                           0x08004265   Thumb Code     2  stm32f1xx_it.o(i.PendSV_Handler)
    ReceiveData                              0x0800447d   Thumb Code    70  sht30.o(i.ReceiveData)
    SET_L_mode                               0x080044d5   Thumb Code     6  bh1750.o(i.SET_L_mode)
    SVC_Handler                              0x080044db   Thumb Code     2  stm32f1xx_it.o(i.SVC_Handler)
    SendHandCommand                          0x080044dd   Thumb Code    34  sht30.o(i.SendHandCommand)
    Send_Dat_2_Aliyun                        0x0800450d   Thumb Code    68  bsp_aliyun.o(i.Send_Dat_2_Aliyun)
    Send_led_dat                             0x0800458d   Thumb Code    62  bsp_aliyun.o(i.Send_led_dat)
    SysTick_Handler                          0x08004645   Thumb Code     4  stm32f1xx_it.o(i.SysTick_Handler)
    SystemClock_Config                       0x08004649   Thumb Code   128  main.o(i.SystemClock_Config)
    SystemInit                               0x080046c9   Thumb Code     2  system_stm32f1xx.o(i.SystemInit)
    TIM_Base_SetConfig                       0x080046cd   Thumb Code    94  stm32f1xx_hal_tim.o(i.TIM_Base_SetConfig)
    TIM_CCxChannelCmd                        0x08004739   Thumb Code    26  stm32f1xx_hal_tim.o(i.TIM_CCxChannelCmd)
    TIM_ETR_SetConfig                        0x08004753   Thumb Code    20  stm32f1xx_hal_tim.o(i.TIM_ETR_SetConfig)
    TIM_OC2_SetConfig                        0x080047c9   Thumb Code    84  stm32f1xx_hal_tim.o(i.TIM_OC2_SetConfig)
    UART_Start_Receive_DMA                   0x08004be5   Thumb Code   130  stm32f1xx_hal_uart.o(i.UART_Start_Receive_DMA)
    USART1_IRQHandler                        0x08004ced   Thumb Code     6  stm32f1xx_it.o(i.USART1_IRQHandler)
    UsageFault_Handler                       0x08004cf9   Thumb Code     2  stm32f1xx_it.o(i.UsageFault_Handler)
    Usart1_Send_Str                          0x08004cfd   Thumb Code    30  bsp_aliyun.o(i.Usart1_Send_Str)
    WriteCmd                                 0x08004d21   Thumb Code     8  oled.o(i.WriteCmd)
    WriteDat                                 0x08004d29   Thumb Code     8  oled.o(i.WriteDat)
    __0snprintf                              0x08004d31   Thumb Code    48  printfa.o(i.__0snprintf)
    __1snprintf                              0x08004d31   Thumb Code     0  printfa.o(i.__0snprintf)
    __2snprintf                              0x08004d31   Thumb Code     0  printfa.o(i.__0snprintf)
    __c89snprintf                            0x08004d31   Thumb Code     0  printfa.o(i.__0snprintf)
    snprintf                                 0x08004d31   Thumb Code     0  printfa.o(i.__0snprintf)
    __0sprintf                               0x08004d65   Thumb Code    34  printfa.o(i.__0sprintf)
    __1sprintf                               0x08004d65   Thumb Code     0  printfa.o(i.__0sprintf)
    __2sprintf                               0x08004d65   Thumb Code     0  printfa.o(i.__0sprintf)
    __c89sprintf                             0x08004d65   Thumb Code     0  printfa.o(i.__0sprintf)
    sprintf                                  0x08004d65   Thumb Code     0  printfa.o(i.__0sprintf)
    __scatterload_copy                       0x08004dad   Thumb Code    14  handlers.o(i.__scatterload_copy)
    __scatterload_null                       0x08004dbb   Thumb Code     2  handlers.o(i.__scatterload_null)
    __scatterload_zeroinit                   0x08004dbd   Thumb Code    14  handlers.o(i.__scatterload_zeroinit)
    _is_digit                                0x08004f51   Thumb Code    14  scanf_fp.o(i._is_digit)
    duoji_init                               0x08005689   Thumb Code    30  pwm_duoji.o(i.duoji_init)
    find_param                               0x080056b1   Thumb Code    84  main.o(i.find_param)
    lightSensorLux                           0x08005705   Thumb Code    28  bh1750.o(i.lightSensorLux)
    main                                     0x08005721   Thumb Code   544  main.o(i.main)
    parse_ntp_time                           0x080059c9   Thumb Code    40  setdate.o(i.parse_ntp_time)
    process_message                          0x080059f5   Thumb Code   178  main.o(i.process_message)
    set_rtc_time                             0x08005abd   Thumb Code   104  setdate.o(i.set_rtc_time)
    AHBPrescTable                            0x08005efc   Data          16  system_stm32f1xx.o(.constdata)
    APBPrescTable                            0x08005f0c   Data           8  system_stm32f1xx.o(.constdata)
    __ctype_categories                       0x08005f20   Data          64  ctype_c.o(.constdata)
    Region$$Table$$Base                      0x080060a0   Number         0  anon$$obj.o(Region$$Table)
    Region$$Table$$Limit                     0x080060c0   Number         0  anon$$obj.o(Region$$Table)
    uart1_rec_flag                           0x20000000   Data           1  main.o(.data)
    mode                                     0x20000004   Data           4  main.o(.data)
    uwTickFreq                               0x20000008   Data           1  stm32f1xx_hal.o(.data)
    uwTickPrio                               0x2000000c   Data           4  stm32f1xx_hal.o(.data)
    uwTick                                   0x20000010   Data           4  stm32f1xx_hal.o(.data)
    SystemCoreClock                          0x20000014   Data           4  system_stm32f1xx.o(.data)
    usart1_RX1                               0x20000a50   Data         512  main.o(.bss)
    hi2c1                                    0x20000c50   Data          84  i2c.o(.bss)
    hi2c2                                    0x20000ca4   Data          84  i2c.o(.bss)
    hrtc                                     0x20000cf8   Data          20  rtc.o(.bss)
    htim1                                    0x20000d0c   Data          72  tim.o(.bss)
    htim3                                    0x20000d54   Data          72  tim.o(.bss)
    huart1                                   0x20000d9c   Data          72  usart.o(.bss)
    huart2                                   0x20000de4   Data          72  usart.o(.bss)
    hdma_usart1_rx                           0x20000e2c   Data          68  usart.o(.bss)
    hdma_usart1_tx                           0x20000e70   Data          68  usart.o(.bss)
    ScreenBuffer                             0x20000eb4   Data        1024  oled.o(.bss)
    Usart1_tx_buff                           0x200012d4   Data         512  bsp_aliyun.o(.bss)
    __initial_sp                             0x20001900   Data           0  startup_stm32f103xb.o(STACK)



==============================================================================

Memory Map of the image

  Image Entry point : 0x080000ed

  Load Region LR_IROM1 (Base: 0x08000000, Size: 0x00006b10, Max: 0x00010000, ABSOLUTE, COMPRESSED[0x000067a8])

    Execution Region ER_IROM1 (Exec base: 0x08000000, Load base: 0x08000000, Size: 0x000060c0, Max: 0x00010000, ABSOLUTE)

    Exec Addr    Load Addr    Size         Type   Attr      Idx    E Section Name        Object

    0x08000000   0x08000000   0x000000ec   Data   RO            3    RESET               startup_stm32f103xb.o
    0x080000ec   0x080000ec   0x00000000   Code   RO         4189  * .ARM.Collect$$$$00000000  mc_w.l(entry.o)
    0x080000ec   0x080000ec   0x00000004   Code   RO         4489    .ARM.Collect$$$$00000001  mc_w.l(entry2.o)
    0x080000f0   0x080000f0   0x00000004   Code   RO         4492    .ARM.Collect$$$$00000004  mc_w.l(entry5.o)
    0x080000f4   0x080000f4   0x00000000   Code   RO         4494    .ARM.Collect$$$$00000008  mc_w.l(entry7b.o)
    0x080000f4   0x080000f4   0x00000000   Code   RO         4496    .ARM.Collect$$$$0000000A  mc_w.l(entry8b.o)
    0x080000f4   0x080000f4   0x00000008   Code   RO         4497    .ARM.Collect$$$$0000000B  mc_w.l(entry9a.o)
    0x080000fc   0x080000fc   0x00000004   Code   RO         4504    .ARM.Collect$$$$0000000E  mc_w.l(entry12b.o)
    0x08000100   0x08000100   0x00000000   Code   RO         4499    .ARM.Collect$$$$0000000F  mc_w.l(entry10a.o)
    0x08000100   0x08000100   0x00000000   Code   RO         4501    .ARM.Collect$$$$00000011  mc_w.l(entry11a.o)
    0x08000100   0x08000100   0x00000004   Code   RO         4490    .ARM.Collect$$$$00002712  mc_w.l(entry2.o)
    0x08000104   0x08000104   0x00000024   Code   RO            4    .text               startup_stm32f103xb.o
    0x08000128   0x08000128   0x00000020   Code   RO         4192    .text               mc_w.l(llushr.o)
    0x08000148   0x08000148   0x00000094   Code   RO         4194    .text               mc_w.l(localtime.o)
    0x080001dc   0x080001dc   0x00000024   Code   RO         4198    .text               mc_w.l(memcpya.o)
    0x08000200   0x08000200   0x00000024   Code   RO         4200    .text               mc_w.l(memseta.o)
    0x08000224   0x08000224   0x00000018   Code   RO         4202    .text               mc_w.l(strcat.o)
    0x0800023c   0x0800023c   0x00000024   Code   RO         4204    .text               mc_w.l(strstr.o)
    0x08000260   0x08000260   0x00000014   Code   RO         4206    .text               mc_w.l(strchr.o)
    0x08000274   0x08000274   0x0000000e   Code   RO         4208    .text               mc_w.l(strlen.o)
    0x08000282   0x08000282   0x0000001c   Code   RO         4210    .text               mc_w.l(strcmp.o)
    0x0800029e   0x0800029e   0x00000002   PAD
    0x080002a0   0x080002a0   0x00000038   Code   RO         4475    .text               mc_w.l(__0sscanf.o)
    0x080002d8   0x080002d8   0x00000360   Code   RO         4477    .text               mc_w.l(scanf_fp.o)
    0x08000638   0x08000638   0x000000de   Code   RO         4481    .text               mf_w.l(ddiv.o)
    0x08000716   0x08000716   0x0000001a   Code   RO         4483    .text               mf_w.l(dfltui.o)
    0x08000730   0x08000730   0x0000003e   Code   RO         4485    .text               mf_w.l(dfixi.o)
    0x0800076e   0x0800076e   0x00000026   Code   RO         4487    .text               mf_w.l(f2d.o)
    0x08000794   0x08000794   0x0000002c   Code   RO         4508    .text               mc_w.l(uidiv.o)
    0x080007c0   0x080007c0   0x00000062   Code   RO         4510    .text               mc_w.l(uldiv.o)
    0x08000822   0x08000822   0x00000002   PAD
    0x08000824   0x08000824   0x00000028   Code   RO         4512    .text               mc_w.l(scanf_char.o)
    0x0800084c   0x0800084c   0x00000040   Code   RO         4514    .text               mc_w.l(_sgetc.o)
    0x0800088c   0x0800088c   0x00000000   Code   RO         4516    .text               mc_w.l(iusefp.o)
    0x0800088c   0x0800088c   0x000000ba   Code   RO         4517    .text               mf_w.l(depilogue.o)
    0x08000946   0x08000946   0x0000014e   Code   RO         4519    .text               mf_w.l(dadd.o)
    0x08000a94   0x08000a94   0x000000e4   Code   RO         4521    .text               mf_w.l(dmul.o)
    0x08000b78   0x08000b78   0x00000018   Code   RO         4523    .text               mf_w.l(dfltul.o)
    0x08000b90   0x08000b90   0x00000030   Code   RO         4525    .text               mf_w.l(dfixul.o)
    0x08000bc0   0x08000bc0   0x00000030   Code   RO         4527    .text               mf_w.l(cdrcmple.o)
    0x08000bf0   0x08000bf0   0x00000038   Code   RO         4529    .text               mf_w.l(d2f.o)
    0x08000c28   0x08000c28   0x00000024   Code   RO         4531    .text               mc_w.l(init.o)
    0x08000c4c   0x08000c4c   0x0000001e   Code   RO         4534    .text               mc_w.l(llshl.o)
    0x08000c6a   0x08000c6a   0x00000024   Code   RO         4536    .text               mc_w.l(llsshr.o)
    0x08000c8e   0x08000c8e   0x0000000a   Code   RO         4538    .text               mc_w.l(isspace_c.o)
    0x08000c98   0x08000c98   0x00000330   Code   RO         4540    .text               mc_w.l(_scanf.o)
    0x08000fc8   0x08000fc8   0x0000006e   Code   RO         4543    .text               mf_w.l(fepilogue.o)
    0x08001036   0x08001036   0x00000002   PAD
    0x08001038   0x08001038   0x00000028   Code   RO         4545    .text               mc_w.l(ctype_c.o)
    0x08001060   0x08001060   0x00000056   Code   RO         4556    .text               mc_w.l(__dczerorl2.o)
    0x080010b6   0x080010b6   0x00000002   PAD
    0x080010b8   0x080010b8   0x00000150   Code   RO         4076    i.Aliyun_Connect    bsp_aliyun.o
    0x08001208   0x08001208   0x0000002c   Code   RO         3777    i.BH1750_Dat_To_Lux  bh1750.o
    0x08001234   0x08001234   0x00000020   Code   RO         3778    i.BH1750_Read_Dat   bh1750.o
    0x08001254   0x08001254   0x0000001c   Code   RO         3779    i.BH1750_Send_Cmd   bh1750.o
    0x08001270   0x08001270   0x00000002   Code   RO          470    i.BusFault_Handler  stm32f1xx_it.o
    0x08001272   0x08001272   0x00000002   PAD
    0x08001274   0x08001274   0x000000d4   Code   RO         4077    i.ConnectAP         bsp_aliyun.o
    0x08001348   0x08001348   0x0000009c   Code   RO         3956    i.DJ_init           pwm-dj.o
    0x080013e4   0x080013e4   0x00000098   Code   RO         3958    i.DJ_set            pwm-dj.o
    0x0800147c   0x0800147c   0x0000000c   Code   RO          471    i.DMA1_Channel4_IRQHandler  stm32f1xx_it.o
    0x08001488   0x08001488   0x0000000c   Code   RO          472    i.DMA1_Channel5_IRQHandler  stm32f1xx_it.o
    0x08001494   0x08001494   0x0000002a   Code   RO         1441    i.DMA_SetConfig     stm32f1xx_hal_dma.o
    0x080014be   0x080014be   0x00000002   Code   RO          473    i.DebugMon_Handler  stm32f1xx_it.o
    0x080014c0   0x080014c0   0x00000098   Code   RO         4078    i.ESP8266_Init      bsp_aliyun.o
    0x08001558   0x08001558   0x00000004   Code   RO           13    i.Error_Handler     main.o
    0x0800155c   0x0800155c   0x0000002c   Code   RO         4079    i.FindStr           bsp_aliyun.o
    0x08001588   0x08001588   0x00000046   Code   RO         1442    i.HAL_DMA_Abort     stm32f1xx_hal_dma.o
    0x080015ce   0x080015ce   0x00000002   PAD
    0x080015d0   0x080015d0   0x00000098   Code   RO         1443    i.HAL_DMA_Abort_IT  stm32f1xx_hal_dma.o
    0x08001668   0x08001668   0x00000154   Code   RO         1447    i.HAL_DMA_IRQHandler  stm32f1xx_hal_dma.o
    0x080017bc   0x080017bc   0x0000005c   Code   RO         1448    i.HAL_DMA_Init      stm32f1xx_hal_dma.o
    0x08001818   0x08001818   0x00000070   Code   RO         1452    i.HAL_DMA_Start_IT  stm32f1xx_hal_dma.o
    0x08001888   0x08001888   0x00000024   Code   RO         1068    i.HAL_Delay         stm32f1xx_hal.o
    0x080018ac   0x080018ac   0x000001e0   Code   RO         1378    i.HAL_GPIO_Init     stm32f1xx_hal_gpio.o
    0x08001a8c   0x08001a8c   0x0000000a   Code   RO         1382    i.HAL_GPIO_WritePin  stm32f1xx_hal_gpio.o
    0x08001a96   0x08001a96   0x00000002   PAD
    0x08001a98   0x08001a98   0x0000000c   Code   RO         1072    i.HAL_GetTick       stm32f1xx_hal.o
    0x08001aa4   0x08001aa4   0x00000188   Code   RO          635    i.HAL_I2C_Init      stm32f1xx_hal_i2c.o
    0x08001c2c   0x08001c2c   0x00000250   Code   RO          641    i.HAL_I2C_Master_Receive  stm32f1xx_hal_i2c.o
    0x08001e7c   0x08001e7c   0x0000012c   Code   RO          648    i.HAL_I2C_Master_Transmit  stm32f1xx_hal_i2c.o
    0x08001fa8   0x08001fa8   0x00000130   Code   RO          656    i.HAL_I2C_Mem_Write  stm32f1xx_hal_i2c.o
    0x080020d8   0x080020d8   0x000000a8   Code   RO          279    i.HAL_I2C_MspInit   i2c.o
    0x08002180   0x08002180   0x00000010   Code   RO         1078    i.HAL_IncTick       stm32f1xx_hal.o
    0x08002190   0x08002190   0x00000024   Code   RO         1079    i.HAL_Init          stm32f1xx_hal.o
    0x080021b4   0x080021b4   0x00000040   Code   RO         1080    i.HAL_InitTick      stm32f1xx_hal.o
    0x080021f4   0x080021f4   0x0000003c   Code   RO          564    i.HAL_MspInit       stm32f1xx_hal_msp.o
    0x08002230   0x08002230   0x0000001a   Code   RO         1538    i.HAL_NVIC_EnableIRQ  stm32f1xx_hal_cortex.o
    0x0800224a   0x0800224a   0x00000002   PAD
    0x0800224c   0x0800224c   0x00000040   Code   RO         1544    i.HAL_NVIC_SetPriority  stm32f1xx_hal_cortex.o
    0x0800228c   0x0800228c   0x00000024   Code   RO         1545    i.HAL_NVIC_SetPriorityGrouping  stm32f1xx_hal_cortex.o
    0x080022b0   0x080022b0   0x0000000c   Code   RO         1660    i.HAL_PWR_EnableBkUpAccess  stm32f1xx_hal_pwr.o
    0x080022bc   0x080022bc   0x000000a4   Code   RO         1339    i.HAL_RCCEx_GetPeriphCLKFreq  stm32f1xx_hal_rcc_ex.o
    0x08002360   0x08002360   0x000000ec   Code   RO         1340    i.HAL_RCCEx_PeriphCLKConfig  stm32f1xx_hal_rcc_ex.o
    0x0800244c   0x0800244c   0x0000012c   Code   RO         1236    i.HAL_RCC_ClockConfig  stm32f1xx_hal_rcc.o
    0x08002578   0x08002578   0x00000020   Code   RO         1243    i.HAL_RCC_GetPCLK1Freq  stm32f1xx_hal_rcc.o
    0x08002598   0x08002598   0x00000020   Code   RO         1244    i.HAL_RCC_GetPCLK2Freq  stm32f1xx_hal_rcc.o
    0x080025b8   0x080025b8   0x0000004c   Code   RO         1245    i.HAL_RCC_GetSysClockFreq  stm32f1xx_hal_rcc.o
    0x08002604   0x08002604   0x00000320   Code   RO         1248    i.HAL_RCC_OscConfig  stm32f1xx_hal_rcc.o
    0x08002924   0x08002924   0x0000004e   Code   RO         2043    i.HAL_RTC_GetDate   stm32f1xx_hal_rtc.o
    0x08002972   0x08002972   0x000000d8   Code   RO         2045    i.HAL_RTC_GetTime   stm32f1xx_hal_rtc.o
    0x08002a4a   0x08002a4a   0x00000002   PAD
    0x08002a4c   0x08002a4c   0x00000094   Code   RO         2046    i.HAL_RTC_Init      stm32f1xx_hal_rtc.o
    0x08002ae0   0x08002ae0   0x00000034   Code   RO          327    i.HAL_RTC_MspInit   rtc.o
    0x08002b14   0x08002b14   0x000000c4   Code   RO         2052    i.HAL_RTC_SetDate   stm32f1xx_hal_rtc.o
    0x08002bd8   0x08002bd8   0x000000ac   Code   RO         2053    i.HAL_RTC_SetTime   stm32f1xx_hal_rtc.o
    0x08002c84   0x08002c84   0x0000003a   Code   RO         2054    i.HAL_RTC_WaitForSynchro  stm32f1xx_hal_rtc.o
    0x08002cbe   0x08002cbe   0x00000028   Code   RO         1549    i.HAL_SYSTICK_Config  stm32f1xx_hal_cortex.o
    0x08002ce6   0x08002ce6   0x00000054   Code   RO         3019    i.HAL_TIMEx_ConfigBreakDeadTime  stm32f1xx_hal_tim_ex.o
    0x08002d3a   0x08002d3a   0x00000002   PAD
    0x08002d3c   0x08002d3c   0x00000068   Code   RO         3035    i.HAL_TIMEx_MasterConfigSynchronization  stm32f1xx_hal_tim_ex.o
    0x08002da4   0x08002da4   0x0000005a   Code   RO         2312    i.HAL_TIM_Base_Init  stm32f1xx_hal_tim.o
    0x08002dfe   0x08002dfe   0x00000002   PAD
    0x08002e00   0x08002e00   0x00000040   Code   RO          369    i.HAL_TIM_Base_MspInit  tim.o
    0x08002e40   0x08002e40   0x000000dc   Code   RO         2321    i.HAL_TIM_ConfigClockSource  stm32f1xx_hal_tim.o
    0x08002f1c   0x08002f1c   0x0000006c   Code   RO          370    i.HAL_TIM_MspPostInit  tim.o
    0x08002f88   0x08002f88   0x000000cc   Code   RO         2384    i.HAL_TIM_PWM_ConfigChannel  stm32f1xx_hal_tim.o
    0x08003054   0x08003054   0x0000005a   Code   RO         2387    i.HAL_TIM_PWM_Init  stm32f1xx_hal_tim.o
    0x080030ae   0x080030ae   0x00000002   Code   RO         2389    i.HAL_TIM_PWM_MspInit  stm32f1xx_hal_tim.o
    0x080030b0   0x080030b0   0x0000009c   Code   RO         2392    i.HAL_TIM_PWM_Start  stm32f1xx_hal_tim.o
    0x0800314c   0x0800314c   0x0000004e   Code   RO         3293    i.HAL_UARTEx_ReceiveToIdle_DMA  stm32f1xx_hal_uart.o
    0x0800319a   0x0800319a   0x00000002   PAD
    0x0800319c   0x0800319c   0x00000084   Code   RO           14    i.HAL_UARTEx_RxEventCallback  main.o
    0x08003220   0x08003220   0x00000002   Code   RO         3309    i.HAL_UART_ErrorCallback  stm32f1xx_hal_uart.o
    0x08003222   0x08003222   0x00000002   PAD
    0x08003224   0x08003224   0x0000026c   Code   RO         3312    i.HAL_UART_IRQHandler  stm32f1xx_hal_uart.o
    0x08003490   0x08003490   0x00000064   Code   RO         3313    i.HAL_UART_Init     stm32f1xx_hal_uart.o
    0x080034f4   0x080034f4   0x0000013c   Code   RO          423    i.HAL_UART_MspInit  usart.o
    0x08003630   0x08003630   0x000000ac   Code   RO         3316    i.HAL_UART_Receive  stm32f1xx_hal_uart.o
    0x080036dc   0x080036dc   0x00000002   Code   RO         3319    i.HAL_UART_RxCpltCallback  stm32f1xx_hal_uart.o
    0x080036de   0x080036de   0x00000002   Code   RO         3320    i.HAL_UART_RxHalfCpltCallback  stm32f1xx_hal_uart.o
    0x080036e0   0x080036e0   0x0000009a   Code   RO         3321    i.HAL_UART_Transmit  stm32f1xx_hal_uart.o
    0x0800377a   0x0800377a   0x00000002   Code   RO         3324    i.HAL_UART_TxCpltCallback  stm32f1xx_hal_uart.o
    0x0800377c   0x0800377c   0x00000002   Code   RO          474    i.HardFault_Handler  stm32f1xx_it.o
    0x0800377e   0x0800377e   0x0000002e   Code   RO          678    i.I2C_IsAcknowledgeFailed  stm32f1xx_hal_i2c.o
    0x080037ac   0x080037ac   0x000000ec   Code   RO          681    i.I2C_MasterRequestRead  stm32f1xx_hal_i2c.o
    0x08003898   0x08003898   0x0000009c   Code   RO          682    i.I2C_MasterRequestWrite  stm32f1xx_hal_i2c.o
    0x08003934   0x08003934   0x000000a8   Code   RO          689    i.I2C_RequestMemoryWrite  stm32f1xx_hal_i2c.o
    0x080039dc   0x080039dc   0x00000056   Code   RO          693    i.I2C_WaitOnBTFFlagUntilTimeout  stm32f1xx_hal_i2c.o
    0x08003a32   0x08003a32   0x00000002   PAD
    0x08003a34   0x08003a34   0x00000090   Code   RO          694    i.I2C_WaitOnFlagUntilTimeout  stm32f1xx_hal_i2c.o
    0x08003ac4   0x08003ac4   0x000000bc   Code   RO          695    i.I2C_WaitOnMasterAddressFlagUntilTimeout  stm32f1xx_hal_i2c.o
    0x08003b80   0x08003b80   0x00000070   Code   RO          696    i.I2C_WaitOnRXNEFlagUntilTimeout  stm32f1xx_hal_i2c.o
    0x08003bf0   0x08003bf0   0x00000056   Code   RO          697    i.I2C_WaitOnTXEFlagUntilTimeout  stm32f1xx_hal_i2c.o
    0x08003c46   0x08003c46   0x00000002   PAD
    0x08003c48   0x08003c48   0x00000024   Code   RO         3827    i.I2C_WriteByte     oled.o
    0x08003c6c   0x08003c6c   0x0000003c   Code   RO          254    i.MX_DMA_Init       dma.o
    0x08003ca8   0x08003ca8   0x0000003c   Code   RO          227    i.MX_GPIO_Init      gpio.o
    0x08003ce4   0x08003ce4   0x00000040   Code   RO          280    i.MX_I2C1_Init      i2c.o
    0x08003d24   0x08003d24   0x00000040   Code   RO          281    i.MX_I2C2_Init      i2c.o
    0x08003d64   0x08003d64   0x00000030   Code   RO          328    i.MX_RTC_Init       rtc.o
    0x08003d94   0x08003d94   0x000000d8   Code   RO          371    i.MX_TIM1_Init      tim.o
    0x08003e6c   0x08003e6c   0x000000a8   Code   RO          372    i.MX_TIM3_Init      tim.o
    0x08003f14   0x08003f14   0x00000038   Code   RO          424    i.MX_USART1_UART_Init  usart.o
    0x08003f4c   0x08003f4c   0x00000038   Code   RO          425    i.MX_USART2_UART_Init  usart.o
    0x08003f84   0x08003f84   0x00000002   Code   RO          475    i.MemManage_Handler  stm32f1xx_it.o
    0x08003f86   0x08003f86   0x00000002   Code   RO          476    i.NMI_Handler       stm32f1xx_it.o
    0x08003f88   0x08003f88   0x00000034   Code   RO         3828    i.OLED_CLS          oled.o
    0x08003fbc   0x08003fbc   0x00000028   Code   RO         3829    i.OLED_ClearRAM     oled.o
    0x08003fe4   0x08003fe4   0x000000b2   Code   RO         3832    i.OLED_Init         oled.o
    0x08004096   0x08004096   0x00000002   PAD
    0x08004098   0x08004098   0x00000044   Code   RO         3836    i.OLED_RefreshRAM   oled.o
    0x080040dc   0x080040dc   0x0000003c   Code   RO         3837    i.OLED_SetPixel     oled.o
    0x08004118   0x08004118   0x00000138   Code   RO         3841    i.OLED_ShowStr      oled.o
    0x08004250   0x08004250   0x00000014   Code   RO         4033    i.ParseReceivedData  sht30.o
    0x08004264   0x08004264   0x00000002   Code   RO          477    i.PendSV_Handler    stm32f1xx_it.o
    0x08004266   0x08004266   0x00000012   Code   RO         2055    i.RTC_Bcd2ToByte    stm32f1xx_hal_rtc.o
    0x08004278   0x08004278   0x00000016   Code   RO         2056    i.RTC_ByteToBcd2    stm32f1xx_hal_rtc.o
    0x0800428e   0x0800428e   0x000000ae   Code   RO         2057    i.RTC_DateUpdate    stm32f1xx_hal_rtc.o
    0x0800433c   0x0800433c   0x00000034   Code   RO         2058    i.RTC_EnterInitMode  stm32f1xx_hal_rtc.o
    0x08004370   0x08004370   0x00000036   Code   RO         2059    i.RTC_ExitInitMode  stm32f1xx_hal_rtc.o
    0x080043a6   0x080043a6   0x0000000e   Code   RO         2060    i.RTC_ReadAlarmCounter  stm32f1xx_hal_rtc.o
    0x080043b4   0x080043b4   0x00000020   Code   RO         2061    i.RTC_ReadTimeCounter  stm32f1xx_hal_rtc.o
    0x080043d4   0x080043d4   0x00000056   Code   RO         2062    i.RTC_WeekDayNum    stm32f1xx_hal_rtc.o
    0x0800442a   0x0800442a   0x00000028   Code   RO         2063    i.RTC_WriteAlarmCounter  stm32f1xx_hal_rtc.o
    0x08004452   0x08004452   0x00000028   Code   RO         2064    i.RTC_WriteTimeCounter  stm32f1xx_hal_rtc.o
    0x0800447a   0x0800447a   0x00000002   PAD
    0x0800447c   0x0800447c   0x00000058   Code   RO         4034    i.ReceiveData       sht30.o
    0x080044d4   0x080044d4   0x00000006   Code   RO         3780    i.SET_L_mode        bh1750.o
    0x080044da   0x080044da   0x00000002   Code   RO          478    i.SVC_Handler       stm32f1xx_it.o
    0x080044dc   0x080044dc   0x00000030   Code   RO         4035    i.SendHandCommand   sht30.o
    0x0800450c   0x0800450c   0x00000080   Code   RO         4080    i.Send_Dat_2_Aliyun  bsp_aliyun.o
    0x0800458c   0x0800458c   0x000000b8   Code   RO         4081    i.Send_led_dat      bsp_aliyun.o
    0x08004644   0x08004644   0x00000004   Code   RO          479    i.SysTick_Handler   stm32f1xx_it.o
    0x08004648   0x08004648   0x00000080   Code   RO           15    i.SystemClock_Config  main.o
    0x080046c8   0x080046c8   0x00000002   Code   RO         3647    i.SystemInit        system_stm32f1xx.o
    0x080046ca   0x080046ca   0x00000002   PAD
    0x080046cc   0x080046cc   0x0000006c   Code   RO         2405    i.TIM_Base_SetConfig  stm32f1xx_hal_tim.o
    0x08004738   0x08004738   0x0000001a   Code   RO         2406    i.TIM_CCxChannelCmd  stm32f1xx_hal_tim.o
    0x08004752   0x08004752   0x00000014   Code   RO         2416    i.TIM_ETR_SetConfig  stm32f1xx_hal_tim.o
    0x08004766   0x08004766   0x00000010   Code   RO         2417    i.TIM_ITRx_SetConfig  stm32f1xx_hal_tim.o
    0x08004776   0x08004776   0x00000002   PAD
    0x08004778   0x08004778   0x00000050   Code   RO         2418    i.TIM_OC1_SetConfig  stm32f1xx_hal_tim.o
    0x080047c8   0x080047c8   0x00000058   Code   RO         2419    i.TIM_OC2_SetConfig  stm32f1xx_hal_tim.o
    0x08004820   0x08004820   0x00000058   Code   RO         2420    i.TIM_OC3_SetConfig  stm32f1xx_hal_tim.o
    0x08004878   0x08004878   0x00000044   Code   RO         2421    i.TIM_OC4_SetConfig  stm32f1xx_hal_tim.o
    0x080048bc   0x080048bc   0x00000022   Code   RO         2423    i.TIM_TI1_ConfigInputStage  stm32f1xx_hal_tim.o
    0x080048de   0x080048de   0x00000024   Code   RO         2425    i.TIM_TI2_ConfigInputStage  stm32f1xx_hal_tim.o
    0x08004902   0x08004902   0x00000010   Code   RO         3326    i.UART_DMAAbortOnError  stm32f1xx_hal_uart.o
    0x08004912   0x08004912   0x0000004a   Code   RO         3327    i.UART_DMAError     stm32f1xx_hal_uart.o
    0x0800495c   0x0800495c   0x00000086   Code   RO         3328    i.UART_DMAReceiveCplt  stm32f1xx_hal_uart.o
    0x080049e2   0x080049e2   0x0000001e   Code   RO         3330    i.UART_DMARxHalfCplt  stm32f1xx_hal_uart.o
    0x08004a00   0x08004a00   0x0000004e   Code   RO         3336    i.UART_EndRxTransfer  stm32f1xx_hal_uart.o
    0x08004a4e   0x08004a4e   0x0000001c   Code   RO         3337    i.UART_EndTxTransfer  stm32f1xx_hal_uart.o
    0x08004a6a   0x08004a6a   0x000000c2   Code   RO         3338    i.UART_Receive_IT   stm32f1xx_hal_uart.o
    0x08004b2c   0x08004b2c   0x000000b8   Code   RO         3339    i.UART_SetConfig    stm32f1xx_hal_uart.o
    0x08004be4   0x08004be4   0x00000090   Code   RO         3340    i.UART_Start_Receive_DMA  stm32f1xx_hal_uart.o
    0x08004c74   0x08004c74   0x00000078   Code   RO         3342    i.UART_WaitOnFlagUntilTimeout  stm32f1xx_hal_uart.o
    0x08004cec   0x08004cec   0x0000000c   Code   RO          480    i.USART1_IRQHandler  stm32f1xx_it.o
    0x08004cf8   0x08004cf8   0x00000002   Code   RO          481    i.UsageFault_Handler  stm32f1xx_it.o
    0x08004cfa   0x08004cfa   0x00000002   PAD
    0x08004cfc   0x08004cfc   0x00000024   Code   RO         4083    i.Usart1_Send_Str   bsp_aliyun.o
    0x08004d20   0x08004d20   0x00000008   Code   RO         3842    i.WriteCmd          oled.o
    0x08004d28   0x08004d28   0x00000008   Code   RO         3843    i.WriteDat          oled.o
    0x08004d30   0x08004d30   0x00000034   Code   RO         4448    i.__0snprintf       mc_w.l(printfa.o)
    0x08004d64   0x08004d64   0x00000028   Code   RO         4449    i.__0sprintf        mc_w.l(printfa.o)
    0x08004d8c   0x08004d8c   0x00000020   Code   RO         1551    i.__NVIC_SetPriority  stm32f1xx_hal_cortex.o
    0x08004dac   0x08004dac   0x0000000e   Code   RO         4550    i.__scatterload_copy  mc_w.l(handlers.o)
    0x08004dba   0x08004dba   0x00000002   Code   RO         4551    i.__scatterload_null  mc_w.l(handlers.o)
    0x08004dbc   0x08004dbc   0x0000000e   Code   RO         4552    i.__scatterload_zeroinit  mc_w.l(handlers.o)
    0x08004dca   0x08004dca   0x00000002   PAD
    0x08004dcc   0x08004dcc   0x00000184   Code   RO         4454    i._fp_digits        mc_w.l(printfa.o)
    0x08004f50   0x08004f50   0x0000000e   Code   RO         4479    i._is_digit         mc_w.l(scanf_fp.o)
    0x08004f5e   0x08004f5e   0x00000002   PAD
    0x08004f60   0x08004f60   0x000006b4   Code   RO         4455    i._printf_core      mc_w.l(printfa.o)
    0x08005614   0x08005614   0x00000024   Code   RO         4456    i._printf_post_padding  mc_w.l(printfa.o)
    0x08005638   0x08005638   0x0000002e   Code   RO         4457    i._printf_pre_padding  mc_w.l(printfa.o)
    0x08005666   0x08005666   0x00000016   Code   RO         4458    i._snputc           mc_w.l(printfa.o)
    0x0800567c   0x0800567c   0x0000000a   Code   RO         4459    i._sputc            mc_w.l(printfa.o)
    0x08005686   0x08005686   0x00000002   PAD
    0x08005688   0x08005688   0x00000028   Code   RO         4000    i.duoji_init        pwm_duoji.o
    0x080056b0   0x080056b0   0x00000054   Code   RO           16    i.find_param        main.o
    0x08005704   0x08005704   0x0000001c   Code   RO         3781    i.lightSensorLux    bh1750.o
    0x08005720   0x08005720   0x000002a8   Code   RO           17    i.main              main.o
    0x080059c8   0x080059c8   0x0000002c   Code   RO         4144    i.parse_ntp_time    setdate.o
    0x080059f4   0x080059f4   0x000000c8   Code   RO           18    i.process_message   main.o
    0x08005abc   0x08005abc   0x00000068   Code   RO         4147    i.set_rtc_time      setdate.o
    0x08005b24   0x08005b24   0x000003b4   Data   RO           20    .constdata          main.o
    0x08005ed8   0x08005ed8   0x00000012   Data   RO         1249    .constdata          stm32f1xx_hal_rcc.o
    0x08005eea   0x08005eea   0x00000012   Data   RO         1341    .constdata          stm32f1xx_hal_rcc_ex.o
    0x08005efc   0x08005efc   0x00000010   Data   RO         3648    .constdata          system_stm32f1xx.o
    0x08005f0c   0x08005f0c   0x00000008   Data   RO         3649    .constdata          system_stm32f1xx.o
    0x08005f14   0x08005f14   0x0000000c   Data   RO         4196    .constdata          mc_w.l(localtime.o)
    0x08005f20   0x08005f20   0x00000040   Data   RO         4546    .constdata          mc_w.l(ctype_c.o)
    0x08005f60   0x08005f60   0x00000052   Data   RO           21    .conststring        main.o
    0x08005fb2   0x08005fb2   0x00000002   PAD
    0x08005fb4   0x08005fb4   0x000000e9   Data   RO         4085    .conststring        bsp_aliyun.o
    0x0800609d   0x0800609d   0x00000003   PAD
    0x080060a0   0x080060a0   0x00000020   Data   RO         4548    Region$$Table       anon$$obj.o


    Execution Region RW_IRAM1 (Exec base: 0x20000000, Load base: 0x080060c0, Size: 0x00001900, Max: 0x00005000, ABSOLUTE, COMPRESSED[0x000006e8])

    Exec Addr    Load Addr    Size         Type   Attr      Idx    E Section Name        Object

    0x20000000   COMPRESSED   0x00000008   Data   RW           22    .data               main.o
    0x20000008   COMPRESSED   0x0000000c   Data   RW         1086    .data               stm32f1xx_hal.o
    0x20000014   COMPRESSED   0x00000004   Data   RW         3650    .data               system_stm32f1xx.o
    0x20000018   COMPRESSED   0x00000a38   Data   RW         3845    .data               oled.o
    0x20000a50        -       0x00000200   Zero   RW           19    .bss                main.o
    0x20000c50        -       0x000000a8   Zero   RW          282    .bss                i2c.o
    0x20000cf8        -       0x00000014   Zero   RW          329    .bss                rtc.o
    0x20000d0c        -       0x00000090   Zero   RW          373    .bss                tim.o
    0x20000d9c        -       0x00000118   Zero   RW          426    .bss                usart.o
    0x20000eb4        -       0x00000400   Zero   RW         3844    .bss                oled.o
    0x200012b4        -       0x00000020   Zero   RW         4036    .bss                sht30.o
    0x200012d4        -       0x00000200   Zero   RW         4084    .bss                bsp_aliyun.o
    0x200014d4        -       0x0000002c   Zero   RW         4195    .bss                mc_w.l(localtime.o)
    0x20001500        -       0x00000400   Zero   RW            1    STACK               startup_stm32f103xb.o


==============================================================================

Image component sizes


      Code (inc. data)   RO Data    RW Data    ZI Data      Debug   Object Name

       138         12          0          0          0       3696   bh1750.o
      1092        510        233          0        512       5628   bsp_aliyun.o
        60          4          0          0          0        814   dma.o
        60          6          0          0          0        863   gpio.o
       296         48          0          0        168       2430   i2c.o
      1228        206       1030          8        512     445797   main.o
       762         32          0       2616       1024       7209   oled.o
       308         26          0          0          0       1843   pwm-dj.o
        40         10          0          0          0        921   pwm_duoji.o
       100         22          0          0         20       1611   rtc.o
       148          4          0          0          0       2938   setdate.o
       156         44          0          0         32       1784   sht30.o
        36          8        236          0       1024        828   startup_stm32f103xb.o
       164         28          0         12          0       6093   stm32f1xx_hal.o
       198         14          0          0          0      29091   stm32f1xx_hal_cortex.o
       808         36          0          0          0       5154   stm32f1xx_hal_dma.o
       490         34          0          0          0       2964   stm32f1xx_hal_gpio.o
      2810         70          0          0          0      15166   stm32f1xx_hal_i2c.o
        60          8          0          0          0        922   stm32f1xx_hal_msp.o
        12          4          0          0          0        539   stm32f1xx_hal_pwr.o
      1240         84         18          0          0       5256   stm32f1xx_hal_rcc.o
       400         28         18          0          0       2537   stm32f1xx_hal_rcc_ex.o
      1400         12          0          0          0      13116   stm32f1xx_hal_rtc.o
      1326         46          0          0          0      12740   stm32f1xx_hal_tim.o
       188         12          0          0          0       2216   stm32f1xx_hal_tim_ex.o
      2134         24          0          0          0      15752   stm32f1xx_hal_uart.o
        56         18          0          0          0       5484   stm32f1xx_it.o
         2          0         24          4          0       1191   system_stm32f1xx.o
       556         46          0          0        144       3317   tim.o
       428         50          0          0        280       2725   usart.o

    ----------------------------------------------------------------------
     16728       1446       1596       2640       3716     600625   Object Totals
         0          0         32          0          0          0   (incl. Generated)
        32          0          5          0          0          0   (incl. Padding)

    ----------------------------------------------------------------------

      Code (inc. data)   RO Data    RW Data    ZI Data      Debug   Library Member Name

        56          8          0          0          0         84   __0sscanf.o
        86          0          0          0          0          0   __dczerorl2.o
       816          6          0          0          0        112   _scanf.o
        64          0          0          0          0         84   _sgetc.o
        40          6         64          0          0         68   ctype_c.o
         0          0          0          0          0          0   entry.o
         0          0          0          0          0          0   entry10a.o
         0          0          0          0          0          0   entry11a.o
         4          0          0          0          0          0   entry12b.o
         8          4          0          0          0          0   entry2.o
         4          0          0          0          0          0   entry5.o
         0          0          0          0          0          0   entry7b.o
         0          0          0          0          0          0   entry8b.o
         8          4          0          0          0          0   entry9a.o
        30          0          0          0          0          0   handlers.o
        36          8          0          0          0         68   init.o
        10          0          0          0          0         68   isspace_c.o
         0          0          0          0          0          0   iusefp.o
        30          0          0          0          0         68   llshl.o
        36          0          0          0          0         68   llsshr.o
        32          0          0          0          0         68   llushr.o
       148         10         12          0         44         76   localtime.o
        36          0          0          0          0         68   memcpya.o
        36          0          0          0          0        108   memseta.o
      2310         90          0          0          0        688   printfa.o
        40          8          0          0          0         84   scanf_char.o
       878         12          0          0          0        216   scanf_fp.o
        24          0          0          0          0         68   strcat.o
        20          0          0          0          0         68   strchr.o
        28          0          0          0          0         76   strcmp.o
        14          0          0          0          0         68   strlen.o
        36          0          0          0          0         80   strstr.o
        44          0          0          0          0         80   uidiv.o
        98          0          0          0          0         92   uldiv.o
        48          0          0          0          0         68   cdrcmple.o
        56          0          0          0          0         88   d2f.o
       334          0          0          0          0        148   dadd.o
       222          0          0          0          0        100   ddiv.o
       186          0          0          0          0        176   depilogue.o
        62          0          0          0          0         80   dfixi.o
        48          0          0          0          0         68   dfixul.o
        26          0          0          0          0         76   dfltui.o
        24          0          0          0          0         76   dfltul.o
       228          0          0          0          0         96   dmul.o
        38          0          0          0          0         68   f2d.o
       110          0          0          0          0        168   fepilogue.o

    ----------------------------------------------------------------------
      6368        156         76          0         44       3672   Library Totals
        14          0          0          0          0          0   (incl. Padding)

    ----------------------------------------------------------------------

      Code (inc. data)   RO Data    RW Data    ZI Data      Debug   Library Name

      4972        156         76          0         44       2460   mc_w.l
      1382          0          0          0          0       1212   mf_w.l

    ----------------------------------------------------------------------
      6368        156         76          0         44       3672   Library Totals

    ----------------------------------------------------------------------

==============================================================================


      Code (inc. data)   RO Data    RW Data    ZI Data      Debug   

     23096       1602       1672       2640       3760     594545   Grand Totals
     23096       1602       1672       1768       3760     594545   ELF Image Totals (compressed)
     23096       1602       1672       1768          0          0   ROM Totals

==============================================================================

    Total RO  Size (Code + RO Data)                24768 (  24.19kB)
    Total RW  Size (RW Data + ZI Data)              6400 (   6.25kB)
    Total ROM Size (Code + RO Data + RW Data)      26536 (  25.91kB)

==============================================================================

